---------------------------------------------------------------------------------------------------------------------------------------------------------------------------------------------------------------------------------------------------------------
      name:  <unnamed>
       log:  /Users/mac/JPE-replications/JPE-Morales-20211186/replication-package/Brinatti_Morales_Replication_Package/sieed_analysis/log/2a_results_event_studies.log
  log type:  text
 opened on:   9 Sep 2026, 16:00:57

. 
. 
. ****************************Analysis on individual hiring countries****************
. 
. 
. use "${data}/firm_level_sieed.dta", clear

. 
. 
. 
. ****************************************
. 
. * Retain only the variables needed for the event study to keep the dataset
. * manageable. The key outcome variables are employment counts of NMS nationals
. * (emp_eu_2004) and control-group nationals (emp_europe_non_eu), normalized
. * by firm total employment in 2010 in the regressions below.
. keep emp_tot emp_imm emp_nat emp_eu_2004 emp_europe_non_eu wbill_tot wbill_imm wbill_nat betnr jahr w93_3_gen ao_kreis emp_new_hire_eu_2004 emp_new_hire_europe_non_eu emp_new_ent_eu_2004 emp_new_ent_europe_non_eu w93_3_gen ao_kreis charact_college_* cha
> ract_frau_* charact_age_*

. 
. tempfile firm_data

. save `firm_data', replace
(file /var/folders/yv/gy9l8r0n7q96t36797h3fbd00000gn/T//S_37981.000001 not found)
file /var/folders/yv/gy9l8r0n7q96t36797h3fbd00000gn/T//S_37981.000001 saved as .dta format

. 
. 
. keep betnr jahr emp_eu_2004 emp_europe_non_eu emp_new_hire_eu_2004 emp_new_hire_europe_non_eu emp_new_ent_eu_2004 emp_new_ent_europe_non_eu charact_college_* charact_frau_* charact_age_*

. 
. * Reshape from wide (one row per firm-year) to long (one row per firm-year-
. * origin group) so that treated (NMS, eu_2004) and control (non-EU Europe,
. * europe_non_eu) observations are stacked. This structure is needed to absorb
. * origin-group x firm fixed effects in equation (1).
. reshape long emp_ emp_new_hire_ emp_new_ent_ charact_college_ charact_frau_ charact_age_, i(betnr jahr) j(treated) string
(j = eu_2004 europe_non_eu)

Data                               Wide   ->   Long
-----------------------------------------------------------------------------
Number of observations           13,824   ->   27,648      
Number of variables                  14   ->   9           
j variable (2 values)                     ->   treated
xij variables:
          emp_eu_2004 emp_europe_non_eu   ->   emp_
emp_new_hire_eu_2004 emp_new_hire_europe_non_eu->emp_new_hire_
emp_new_ent_eu_2004 emp_new_ent_europe_non_eu->emp_new_ent_
charact_college_eu_2004 charact_college_europe_non_eu->charact_college_
charact_frau_eu_2004 charact_frau_europe_non_eu->charact_frau_
charact_age_eu_2004 charact_age_europe_non_eu->charact_age_
-----------------------------------------------------------------------------

. 
. 
. merge m:1 betnr jahr using `firm_data'

    Result                      Number of obs
    -----------------------------------------
    Not matched                             0
    Matched                            27,648  (_merge==3)
    -----------------------------------------

. 
. 
. *Additional data cleaning and variable generation
. 
. * Construct two-digit industry codes from the three-digit WS93 classification.
. * Adjacent three-digit codes are collapsed to a single two-digit group so that
. * the industry fixed effects are not too granular for the sample size.
. gen ind_2dig=floor(w93_3_gen/10)
(1,854 missing values generated)

. 
. replace ind_2dig=1 if ind_2dig>=1 & ind_2dig<=5
(10 real changes made)

. replace ind_2dig=10 if ind_2dig>=10 & ind_2dig<=14
(14 real changes made)

. replace ind_2dig=15 if ind_2dig>=15 & ind_2dig<=16
(14 real changes made)

. replace ind_2dig=17 if ind_2dig>=17 & ind_2dig<=19
(58 real changes made)

. replace ind_2dig=23 if ind_2dig>=23 & ind_2dig<=24
(96 real changes made)

. replace ind_2dig=29 if ind_2dig>=29 & ind_2dig<=30
(2 real changes made)

. replace ind_2dig=37 if ind_2dig>=37 & ind_2dig<=41
(46 real changes made)

. replace ind_2dig=65 if ind_2dig>=65 & ind_2dig<=67
(228 real changes made)

. 
. 
. * Tradable sector indicator: manufacturing (WS93 154-366), professional services
. * (721-744), and wholesale trade (501-517), consistent with the paper's
. * tradable/non-tradable classification described in Section 2.
. gen tradeable3=((w93_3_gen>=154 & w93_3_gen<=366) | (w93_3_gen>=721 & w93_3_gen<=744) | (w93_3_gen>=501 & w93_3_gen<=517))

. 
. 
. * Some three-digit WS93 codes span both the tradable and non-tradable
. * classification. Creating an interaction group ensures establishments in those
. * codes are assigned consistently with their actual tradability status.
. 
. * We have two 2 digit industries that are both T and NT. To be consistent with the model, we redifine the classification as follows:
. 
. egen ind_2dig_aux       = group(ind_2dig tradeable3) 
(1,854 missing values generated)

. drop ind_2dig 

. rename ind_2dig_aux ind_2dig

. 
. 
. 
. * Merge the local labor market crosswalk (created in 1b) to construct
. * local labor market x year fixed effects (local_labor_time).
. merge m:1 ao_kreis using "${data}/local_labor_market.dta" , generate(merge2)  
(label ao_kreis_en already defined)
(label ao_kreis_de already defined)

    Result                      Number of obs
    -----------------------------------------
    Not matched                         1,829
        from master                     1,822  (merge2==1)
        from using                          7  (merge2==2)

    Matched                            25,826  (merge2==3)
    -----------------------------------------

. drop if merge2==2
(7 observations deleted)

. drop merge2

. 
. 
. rename local_labor local_labor11

. 
. * Construct all fixed-effect group identifiers used in the regressions.
. * firm_origin  = origin-group x establishment FE (absorbs FE_o,j in eq. 1)
. * firm_time    = establishment x year FE (absorbs FE_j,t in eq. 1)
. * origin_time  = origin-group x year FE (used in robustness, Table A5 col. 4)
. * district_time = district x year FE (additional geography control)
. * clusters_g   = establishment cluster identifier for standard error clustering
. egen industry_time              = group(ind_2dig jahr)
(1,854 missing values generated)

. egen local_labor_time   = group(local_labor11 jahr)
(1,986 missing values generated)

. egen industry_local_time=group(ind_2dig ao_kreis jahr)
(1,856 missing values generated)

. egen district_time              = group(ao_kreis jahr)
(1,824 missing values generated)

. egen clusters_g                 = group(betnr) 

. 
. 
. 
. * Employment in 2010 (base year) used to normalize the outcome variable
. * (employment_relative = emp_ / emp_tot_2010) as in equation (1).
. gen emp_firm_2010_1=emp_tot if jahr==2010
(26,330 missing values generated)

. bysort betnr: egen emp_tot_2010=mean(emp_firm_2010_1)
(17,210 missing values generated)

. 
. gen emp_firm_2006_1=emp_tot if jahr==2006
(26,518 missing values generated)

. bysort betnr: egen emp_tot_2006=mean(emp_firm_2006_1)
(18,900 missing values generated)

. 
. 
. * Outcome variables:
. *   employment_relative     : NMS (or control) employment / base-year total emp
. *   employment_int          : indicator = 1 if firm hires from origin group
. *   lemployment             : log of (1 + employment count)
. *   imm_share               : origin-group employment / total immigrant employment
. *   *_new / *_ent variants  : same outcomes for new hires and labor market entrants
. gen employment_relative=emp_/emp_tot_2010
(17,210 missing values generated)

. gen employment_int=(emp_>0)

. gen lemployment=log(1+emp_)

. gen imm_share=emp_/emp_imm
(5,164 missing values generated)

. 
. 
. gen employment_relative_new=emp_new_hire_/emp_tot_2010
(17,210 missing values generated)

. gen employment_relative_new06=emp_new_hire_/emp_tot_2006
(18,900 missing values generated)

. 
. gen employment_int_new=(emp_new_hire_>0)

. gen lemployment_new=log(1+emp_new_hire_)

. 
. 
. gen employment_relative_ent=emp_new_ent_/emp_tot_2010
(17,210 missing values generated)

. gen employment_relative_ent06=emp_new_ent_/emp_tot_2006
(18,900 missing values generated)

. 
. gen employment_int_ent=(emp_new_ent_>0)

. gen lemployment_ent=log(1+emp_new_ent_)

. 
. 
. 
. * Treatment indicator: eu_2004==1 for NMS nationals (the treated group);
. * eu_2004==0 for non-EU European nationals (the control group).
. gen eu_2004=(treated=="eu_2004")

. 
. egen firm_origin=group(betnr eu_2004)

. egen firm_time=group(betnr jahr)

. egen origin_time=group(eu_2004 jahr)

. 
. 
. * hire_2006 flags establishments that had any NMS or control-group employment
. * in 2005 (the year before the SIEED panel begins). The baseline sample is
. * restricted to hire_2006==0 to focus on the extensive margin response,
. * i.e., establishments that had not yet established a hiring channel for either
. * group before the policy change.
. gen hire_2006_1=(emp_>0 & emp_!=. & jahr==2005)

. bysort betnr: egen hire_2006=max(hire_2006_1)

. 
. 
. gen hire_in_period=(emp_>0 & emp_!=.)

. bysort betnr jahr: egen max_hire_in_period=max(hire_in_period)

. 
. 
. 
. gen post_period=(jahr>=2011 & jahr<=2018)

. 
. 
. * Four establishment size groups based on 2010 employment, used to estimate
. * the heterogeneous response by firm size (Figure 2 and Table A3):
. *   bsize_1: fewer than 30 employees (smallest)
. *   bsize_2: 30-99 employees
. *   bsize_3: 100-199 employees
. *   bsize_4: 200+ employees (large; the omitted group in the main specification)
. * In the main specification, SME is defined as bsize_1 + bsize_2 + bsize_3
. * (fewer than 200 employees), consistent with the paper's SME definition.
. gen bsize_bin_2010=.
(27,648 missing values generated)

. replace bsize_bin_2010=1 if emp_tot_2010<30
(7,858 real changes made)

. replace bsize_bin_2010=2 if emp_tot_2010>=30 & emp_tot_2010<100
(34 real changes made)

. replace bsize_bin_2010=3 if emp_tot_2010>=100 & emp_tot_2010<200
(0 real changes made)

. replace bsize_bin_2010=4 if emp_tot_2010>=201 & emp_tot_2010!=.
(2,546 real changes made)

. 
. 
. gen bsize_1=(bsize_bin_2010==1)

. gen bsize_2=(bsize_bin_2010==2)

. gen bsize_3=(bsize_bin_2010==3)

. gen bsize_4=(bsize_bin_2010==4)

. 
. gen post_treat=post_period*eu_2004

. 
. gen post_1=post_period*bsize_1

. gen post_2=post_period*bsize_2

. gen post_3=post_period*bsize_3

. gen post_4=post_period*bsize_4

. 
. gen post_treat_1=post_period*bsize_1*eu_2004

. gen post_treat_2=post_period*bsize_2*eu_2004

. gen post_treat_3=post_period*bsize_3*eu_2004

. gen post_treat_4=post_period*bsize_4*eu_2004

. 
. gen treated_size=eu_2004*bsize_4

. 
. 
. * Year x treatment interactions for the event study specification.
. * treat_[x]    : NMS indicator interacted with year x (gives beta^L_tau when
. *                bsize_4==1 is the reference group, i.e., large firms)
. * treat_b4_[x] : additional interaction with large-firm indicator (bsize_4)
. *                gives the extra effect for large firms, so that lincom
. *                treat_[x]+treat_b4_[x] recovers beta^SME_tau for small firms.
. forval x=2006/2018 {
  2.         
.         
.         gen treat_`x'=eu_2004*(jahr==`x')
  3.         gen treat_b4_`x'=eu_2004*(jahr==`x')*bsize_4
  4.         
.         
. }

. 
. 
. *-------------------------------------------------------------------------------
. * Appendix Figure A8: Baseline event study (pooled firms)
. *
. * Estimates beta_tau from equation (1) without firm size interactions, pooling
. * all firm sizes. Confirms that NMS hiring increased significantly only after
. * 2011 and that pre-trends are flat. Output is stored in eststo y2 and
. * printed via esttab.
. *-------------------------------------------------------------------------------
. 
. *Figure A8 - baseline event study
. 
. quietly reghdfe employment_relative treat_2006 treat_2007 treat_2008 treat_2009 treat_2011 treat_2012 treat_2013 treat_2014 treat_2015 treat_2016 treat_2017 treat_2018 if jahr>=2006 & emp_tot_2010!=. & hire_2006==0, absorb(firm_origin firm_time) cluster
> (betnr)

. eststo y2

. 
. esttab y2, se nocons unstack star(* 0.10 ** 0.05  *** 0.01)

----------------------------
                      (1)   
             employment~e   
----------------------------
treat_2006       -0.00732** 
                (0.00298)   

treat_2007       -0.00765** 
                (0.00302)   

treat_2008       -0.00497*  
                (0.00286)   

treat_2009       -0.00133   
                (0.00215)   

treat_2011        0.00457** 
                (0.00205)   

treat_2012        0.00259   
                (0.00304)   

treat_2013        0.00459   
                (0.00298)   

treat_2014       0.000262   
                (0.00294)   

treat_2015       -0.00133   
                (0.00317)   

treat_2016       -0.00125   
                (0.00472)   

treat_2017        0.00140   
                (0.00514)   

treat_2018        0.00212   
                (0.00504)   
----------------------------
N                    8880   
----------------------------
Standard errors in parentheses
* p<0.10, ** p<0.05, *** p<0.01

. cap drop _est*

. 
. 
.   
. *-------------------------------------------------------------------------------
. * Figure 2: Event study with size breakdown
. *
. * Adds triple interactions (treat_b4_[x]) to recover both the large-firm
. * path (beta^L_tau) and, via lincom, the small-firm path (beta^SME_tau).
. * The lincom loop prints the point estimate and standard error of
. * beta^SME_tau = beta^L_tau + theta_tau for each post-treatment year.
. *-------------------------------------------------------------------------------
. 
. *Figure 2: Event study with breakdown by size
. 
. 
. quietly reghdfe employment_relative treat_2006 treat_2007 treat_2008 treat_2009 treat_2011 treat_2012 treat_2013 treat_2014 treat_2015 treat_2016 treat_2017 treat_2018 treat_b4_2006 treat_b4_2007 treat_b4_2008 treat_b4_2009 treat_b4_2011 treat_b4_2012 t
> reat_b4_2013 treat_b4_2014 treat_b4_2015 treat_b4_2016 treat_b4_2017 treat_b4_2018 if jahr>=2006 & emp_tot_2010!=. & hire_2006==0, absorb(firm_origin firm_time) cluster(betnr)

. eststo y4

. 
. 
. esttab y4, se nocons unstack star(* 0.10 ** 0.05  *** 0.01)

----------------------------
                      (1)   
             employment~e   
----------------------------
treat_2006        -0.0122***
                (0.00440)   

treat_2007        -0.0109***
                (0.00422)   

treat_2008       -0.00744*  
                (0.00385)   

treat_2009       -0.00180   
                (0.00266)   

treat_2011        0.00525** 
                (0.00244)   

treat_2012        0.00362   
                (0.00381)   

treat_2013        0.00531   
                (0.00378)   

treat_2014     -0.0000684   
                (0.00387)   

treat_2015       -0.00437   
                (0.00427)   

treat_2016       -0.00295   
                (0.00653)   

treat_2017        0.00161   
                (0.00731)   

treat_2018        0.00312   
                (0.00725)   

treat_b~2006       0.0127** 
                (0.00555)   

treat_b~2007      0.00974*  
                (0.00550)   

treat_b~2008      0.00898*  
                (0.00499)   

treat_b~2009      0.00241   
                (0.00389)   

treat_b~2011     -0.00199   
                (0.00389)   

treat_b~2012     -0.00278   
                (0.00522)   

treat_b~2013     -0.00122   
                (0.00510)   

treat_b~2014      0.00262   
                (0.00511)   

treat_b~2015       0.0115** 
                (0.00518)   

treat_b~2016      0.00708   
                (0.00723)   

treat_b~2017     0.000902   
                (0.00791)   

treat_b~2018     -0.00140   
                (0.00790)   
----------------------------
N                    8880   
----------------------------
Standard errors in parentheses
* p<0.10, ** p<0.05, *** p<0.01

. cap drop _est*

. 
. 
. 
. *Calculate standard error of coefficients for Figure 2
. * Re-run the same regression (not quietly) to recover e(N) and then use
. * lincom to construct beta^SME_tau and its standard error for each year.
. * The printed output gives the data points and confidence intervals plotted
. * in Figure 2 for small establishments.
. 
. quietly reghdfe employment_relative treat_2006 treat_2007 treat_2008 treat_2009 treat_2011 treat_2012 treat_2013 treat_2014 treat_2015 treat_2016 treat_2017 treat_2018 treat_b4_2006 treat_b4_2007 treat_b4_2008 treat_b4_2009 treat_b4_2011 treat_b4_2012 t
> reat_b4_2013 treat_b4_2014 treat_b4_2015 treat_b4_2016 treat_b4_2017 treat_b4_2018 if jahr>=2006 & emp_tot_2010!=. & hire_2006==0, absorb(firm_origin firm_time) cluster(betnr)

. 
. local nobs=e(N)

. 
. foreach x in 2006 2007 2008 2009 2011 2012 2013 2014 2015 2016 2017 2018 {
  2.         
.         dis "Number of observations used in calculation below: `nobs'" 
  3.         lincom _b[treat_`x']+_b[treat_b4_`x']
  4. 
. }
Number of observations used in calculation below: 8880

 ( 1)  treat_2006 + treat_b4_2006 = 0

------------------------------------------------------------------------------
employment~e | Coefficient  Std. err.      t    P>|t|     [95% conf. interval]
-------------+----------------------------------------------------------------
         (1) |   .0004412   .0033813     0.13   0.896    -.0062001    .0070824
------------------------------------------------------------------------------
Number of observations used in calculation below: 8880

 ( 1)  treat_2007 + treat_b4_2007 = 0

------------------------------------------------------------------------------
employment~e | Coefficient  Std. err.      t    P>|t|     [95% conf. interval]
-------------+----------------------------------------------------------------
         (1) |  -.0011889   .0035197    -0.34   0.736    -.0081021    .0057242
------------------------------------------------------------------------------
Number of observations used in calculation below: 8880

 ( 1)  treat_2008 + treat_b4_2008 = 0

------------------------------------------------------------------------------
employment~e | Coefficient  Std. err.      t    P>|t|     [95% conf. interval]
-------------+----------------------------------------------------------------
         (1) |   .0015433    .003179     0.49   0.628    -.0047007    .0077872
------------------------------------------------------------------------------
Number of observations used in calculation below: 8880

 ( 1)  treat_2009 + treat_b4_2009 = 0

------------------------------------------------------------------------------
employment~e | Coefficient  Std. err.      t    P>|t|     [95% conf. interval]
-------------+----------------------------------------------------------------
         (1) |   .0006186   .0028396     0.22   0.828    -.0049586    .0061958
------------------------------------------------------------------------------
Number of observations used in calculation below: 8880

 ( 1)  treat_2011 + treat_b4_2011 = 0

------------------------------------------------------------------------------
employment~e | Coefficient  Std. err.      t    P>|t|     [95% conf. interval]
-------------+----------------------------------------------------------------
         (1) |   .0032549   .0030266     1.08   0.283    -.0026898    .0091995
------------------------------------------------------------------------------
Number of observations used in calculation below: 8880

 ( 1)  treat_2012 + treat_b4_2012 = 0

------------------------------------------------------------------------------
employment~e | Coefficient  Std. err.      t    P>|t|     [95% conf. interval]
-------------+----------------------------------------------------------------
         (1) |    .000841   .0035713     0.24   0.814    -.0061734    .0078555
------------------------------------------------------------------------------
Number of observations used in calculation below: 8880

 ( 1)  treat_2013 + treat_b4_2013 = 0

------------------------------------------------------------------------------
employment~e | Coefficient  Std. err.      t    P>|t|     [95% conf. interval]
-------------+----------------------------------------------------------------
         (1) |   .0040916   .0034246     1.19   0.233    -.0026346    .0108179
------------------------------------------------------------------------------
Number of observations used in calculation below: 8880

 ( 1)  treat_2014 + treat_b4_2014 = 0

------------------------------------------------------------------------------
employment~e | Coefficient  Std. err.      t    P>|t|     [95% conf. interval]
-------------+----------------------------------------------------------------
         (1) |   .0025527   .0033422     0.76   0.445    -.0040119    .0091172
------------------------------------------------------------------------------
Number of observations used in calculation below: 8880

 ( 1)  treat_2015 + treat_b4_2015 = 0

------------------------------------------------------------------------------
employment~e | Coefficient  Std. err.      t    P>|t|     [95% conf. interval]
-------------+----------------------------------------------------------------
         (1) |   .0070807   .0029398     2.41   0.016     .0013066    .0128547
------------------------------------------------------------------------------
Number of observations used in calculation below: 8880

 ( 1)  treat_2016 + treat_b4_2016 = 0

------------------------------------------------------------------------------
employment~e | Coefficient  Std. err.      t    P>|t|     [95% conf. interval]
-------------+----------------------------------------------------------------
         (1) |   .0041356   .0031182     1.33   0.185    -.0019888      .01026
------------------------------------------------------------------------------
Number of observations used in calculation below: 8880

 ( 1)  treat_2017 + treat_b4_2017 = 0

------------------------------------------------------------------------------
employment~e | Coefficient  Std. err.      t    P>|t|     [95% conf. interval]
-------------+----------------------------------------------------------------
         (1) |   .0025114   .0030176     0.83   0.406    -.0034156    .0084383
------------------------------------------------------------------------------
Number of observations used in calculation below: 8880

 ( 1)  treat_2018 + treat_b4_2018 = 0

------------------------------------------------------------------------------
employment~e | Coefficient  Std. err.      t    P>|t|     [95% conf. interval]
-------------+----------------------------------------------------------------
         (1) |   .0017186   .0031355     0.55   0.584    -.0044399     .007877
------------------------------------------------------------------------------

. 
. 
. 
. 
. *-------------------------------------------------------------------------------
. * Appendix Tables A3-A5: Robustness checks on the DiD estimates
. *
. * All three tables use a collapsed DiD specification (post_treat and
. * interactions with size bins) rather than the full event-study path, for
. * conciseness. The outcome, sample, and fixed effects vary across tables.
. *-------------------------------------------------------------------------------
. 
. *****Appendix Tables*****
. 
. *-------------------------------------------------------------------------------
. * Table A3: Alternative outcomes and size breakdowns
. *
. * Panel 1 (relative to the largest group, bsize_4):
. *   Uses post_treat and its interaction with bsize_4 (post_treat_4), so the
. *   coefficient on post_treat gives the average DiD for SMEs (<200 employees)
. *   and post_treat_4 gives the differential effect for large firms.
. *
. * Panel 2 (relative to the bottom three groups):
. *   Uses post_treat and interactions with bsize_1, bsize_2, bsize_3, so the
. *   baseline effect is for large firms (bsize_4) and interactions recover
. *   the differential response of each SME size category.
. *
. * Outcomes: total employment, new hires, new labor market entrants, immigrant
. * share -- corresponding to columns 1-4 of Table A3.
. *-------------------------------------------------------------------------------
. 
. *Table A3: Alternative outcomes and size breakdowns
. 
. local i=1

. 
. foreach outcome in employment_relative employment_relative_new employment_relative_ent  imm_share {
  2.         
. quietly reghdfe `outcome' post_treat  post_4 post_treat_4 if jahr>=2006 & emp_tot_2010!=. & hire_2006==0, absorb(firm_origin firm_time) cluster(betnr)
  3. eststo m`i'
  4. 
. local i=`i'+1   
  5.         
. }

. 
. esttab m1 m2 m3 m4, se nocons unstack star(* 0.10 ** 0.05  *** 0.01)

----------------------------------------------------------------------------
                      (1)             (2)             (3)             (4)   
             employment~e    employ~e_new    employ~e_ent       imm_share   
----------------------------------------------------------------------------
post_treat        0.00597        -0.00264       -0.000197         0.00901*  
                (0.00377)       (0.00281)       (0.00227)       (0.00519)   

post_4                  0               0               0               0   
                      (.)             (.)             (.)             (.)   

post_treat_4     -0.00298         0.00553*        0.00309         0.00902   
                (0.00394)       (0.00304)       (0.00255)       (0.00924)   
----------------------------------------------------------------------------
N                    8880            8880            8880            8008   
----------------------------------------------------------------------------
Standard errors in parentheses
* p<0.10, ** p<0.05, *** p<0.01

. cap drop _est*

. 
. 
. 
. 
. local i=1

. 
. foreach outcome in employment_relative employment_relative_new employment_relative_ent  imm_share {
  2.         
. quietly reghdfe `outcome' post_treat post_1 post_2 post_3 post_treat_1 post_treat_2 post_treat_3 if jahr>=2006 & emp_tot_2010!=. & hire_2006==0, absorb(firm_origin firm_time) cluster(betnr)
  3. eststo m`i'
  4. 
. local i=`i'+1   
  5.         
. }

. 
. esttab m1 m2 m3 m4, se nocons unstack star(* 0.10 ** 0.05  *** 0.01)

----------------------------------------------------------------------------
                      (1)             (2)             (3)             (4)   
             employment~e    employ~e_new    employ~e_ent       imm_share   
----------------------------------------------------------------------------
post_treat        0.00299**       0.00288**       0.00289**        0.0180** 
                (0.00116)       (0.00116)       (0.00116)       (0.00765)   

post_1                  0               0               0               0   
                      (.)             (.)             (.)             (.)   

post_2                  0               0               0               0   
                      (.)             (.)             (.)             (.)   

post_3                  0               0               0               0   
                      (.)             (.)             (.)             (.)   

post_treat_1      0.00298        -0.00553*       -0.00309        -0.00902   
                (0.00394)       (0.00304)       (0.00255)       (0.00924)   

post_treat_2            0               0               0               0   
                      (.)             (.)             (.)             (.)   

post_treat_3            0               0               0               0   
                      (.)             (.)             (.)             (.)   
----------------------------------------------------------------------------
N                    8880            8880            8880            8008   
----------------------------------------------------------------------------
Standard errors in parentheses
* p<0.10, ** p<0.05, *** p<0.01

. cap drop _est*

. 
. 
. 
. 
. *-------------------------------------------------------------------------------
. * Table A4: Robustness to alternative samples
. *
. * Varies the sample restriction:
. *   Column 1: Full sample (all firms regardless of base-year hiring)
. *   Column 2: Baseline -- non-hirers of NMS/control group in 2005
. *   Column 3: Firms with 10+ employees in 2010
. *   Column 4: Intersection of columns 2 and 3
. *-------------------------------------------------------------------------------
. 
. *Table A4: Robustness to alternative samples
. 
. local i=1

. 
. foreach rest in "" "& hire_2006==0" "& emp_tot_2010>=10" "& emp_tot_2010>=10 & hire_2006==0" {
  2.         
. quietly reghdfe employment_relative post_treat  post_4 post_treat_4 if jahr>=2006 & emp_tot_2010!=. `rest', absorb(firm_origin firm_time) cluster(betnr)
  3. eststo m`i'
  4. 
. local i=`i'+1   
  5.         
. }

. 
. 
. esttab m1 m2 m3 m4, se nocons unstack star(* 0.10 ** 0.05  *** 0.01)

----------------------------------------------------------------------------
                      (1)             (2)             (3)             (4)   
             employment~e    employment~e    employment~e    employment~e   
----------------------------------------------------------------------------
post_treat        0.00295         0.00597          0.0140          0.0153   
                (0.00416)       (0.00377)       (0.00906)       (0.00979)   

post_4                  0               0               0               0   
                      (.)             (.)             (.)             (.)   

post_treat_4   -0.0000545        -0.00298         -0.0111         -0.0123   
                (0.00431)       (0.00394)       (0.00913)       (0.00985)   
----------------------------------------------------------------------------
N                    9450            8880            3072            2890   
----------------------------------------------------------------------------
Standard errors in parentheses
* p<0.10, ** p<0.05, *** p<0.01

. cap drop _est*

. 
. 
. 
. 
. *-------------------------------------------------------------------------------
. * Table A5: Robustness to alternative fixed effects
. *
. * Varies the fixed effect structure while holding the sample fixed (baseline):
. *   Column 1: firm_origin + firm_time (baseline, equation 1)
. *   Column 2: firm_origin + industry_time + local_labor_time
. *             (replaces establishment x year FE with separate industry-year
. *              and local labor market-year FE)
. *   Column 3: firm_origin + year (minimal time FE)
. *   Column 4: firm_origin + firm_time + origin_time
. *             (adds origin-group x year FE to absorb aggregate trends in
. *              immigration from each group; Table A5 column 4)
. *-------------------------------------------------------------------------------
. 
. *Table A5: Robustness to alternative fixed effects
. 
. local i=1

. 
. foreach fixed in "firm_origin firm_time"  "firm_origin industry_time local_labor_time" "firm_origin jahr" "firm_origin firm_time origin_time" {
  2.         
. quietly reghdfe employment_relative post_treat  post_4 post_treat_4 if jahr>=2006 & emp_tot_2010!=. & hire_2006==0, absorb(`fixed') cluster(betnr)
  3. eststo m`i'
  4. 
. local i=`i'+1   
  5.         
. }

. 
. 
. esttab m1 m2 m3 m4, se nocons unstack star(* 0.10 ** 0.05  *** 0.01)

----------------------------------------------------------------------------
                      (1)             (2)             (3)             (4)   
             employment~e    employment~e    employment~e    employment~e   
----------------------------------------------------------------------------
post_treat        0.00597         0.00530         0.00597               0   
                (0.00377)       (0.00427)       (0.00377)             (.)   

post_4                  0        -0.00229        -0.00628**             0   
                      (.)       (0.00360)       (0.00287)             (.)   

post_treat_4     -0.00298        -0.00409        -0.00298        -0.00437   
                (0.00394)       (0.00468)       (0.00395)       (0.00442)   
----------------------------------------------------------------------------
N                    8880            7560            8880            8880   
----------------------------------------------------------------------------
Standard errors in parentheses
* p<0.10, ** p<0.05, *** p<0.01

. cap drop _est*

. 
. 
. 
. 
. /*==============================================================================
>   FIGURES (added for JPE reproducibility deposit — not part of the original
>   submission). This section does not modify or re-estimate any of the analysis
>   above; it only reads back the stored estimation results (eststo y2 and y4,
>   set earlier in this do-file) to plot Figures 2 and A8, since in the original
>   submission these event-study coefficients were turned into figures in Excel.
> 
>   NOTE ON EXACT APPEARANCE: the published Figures 2 and A8 were built by hand
>   in Excel from these coefficient tables (styling, colors, markers chosen by
>   the authors). The Stata graphs below plot the same underlying numbers but
>   will not look pixel-identical to the paper's versions (font, colors,
>   marker style, axis formatting, etc. all differ) -- only the data displayed
>   is the same.
> 
>   Output: sieed_analysis/output/figure_2.jpg, figure_A8.jpg
> ==============================================================================*/
. 
. set scheme s1color

. global figout = subinstr("${prog}", "/prog", "/output", 1)

. cap mkdir "${figout}"

. 
. local evyears 2006 2007 2008 2009 2011 2012 2013 2014 2015 2016 2017 2018

. 
. * ---- Figure A8: Baseline event study (pooled, model y2) ---------------------
. estimates restore y2
(results y2 are active now)

. 
. tempname postA8

. tempfile a8data

. postfile `postA8' event_year coef se using `a8data', replace
(file /var/folders/yv/gy9l8r0n7q96t36797h3fbd00000gn/T//S_37981.000002 not found)

. post `postA8' (2010) (0) (0)

. foreach x of local evyears {
  2.     post `postA8' (`x') (_b[treat_`x']) (_se[treat_`x'])
  3. }

. postclose `postA8'

. 
. preserve

.     use `a8data', clear

.     sort event_year

.     gen ci_lo = coef - 1.96*se

.     gen ci_hi = coef + 1.96*se

.     replace ci_lo = . if event_year == 2010
(1 real change made, 1 to missing)

.     replace ci_hi = . if event_year == 2010
(1 real change made, 1 to missing)

. 
.     twoway (rcap ci_lo ci_hi event_year, lcolor(navy%40)) ///
>            (connected coef event_year, lcolor(navy) mcolor(navy) msymbol(O)), ///
>            xline(2011, lpattern(dot) lcolor(gs8)) yline(0, lpattern(dot) lcolor(gs8)) ///
>            xlabel(2006(1)2018, angle(45) labsize(vsmall)) xtitle("Year", size(small)) ///
>            ytitle("Employment relative to 2010 (coefficient)", size(small)) ///
>            legend(off) graphregion(color(white)) plotregion(color(white)) ///
>            ysize(4.5) xsize(6.5) ///
>            title("Figure A8: Baseline event study", size(medium)) ///
>            name(figA8, replace)

.     graph export "${figout}/figure_A8.jpg", replace width(2000) height(1500)
file /Users/mac/JPE-replications/JPE-Morales-20211186/replication-package/Brinatti_Morales_Replication_Package/sieed_analysis/output/figure_A8.jpg saved as JPG format

. restore

. 
. * ---- Figure 2: Event study with breakdown by establishment size (model y4) --
. estimates restore y4
(results y4 are active now)

. 
. tempname postFig2

. tempfile fig2data

. postfile `postFig2' event_year coefL seL coefS seS using `fig2data', replace
(file /var/folders/yv/gy9l8r0n7q96t36797h3fbd00000gn/T//S_37981.000004 not found)

. post `postFig2' (2010) (0) (0) (0) (0)

. foreach x of local evyears {
  2.     local bL  = _b[treat_`x']
  3.     local seL = _se[treat_`x']
  4.     lincom _b[treat_`x'] + _b[treat_b4_`x']
  5.     local bS  = r(estimate)
  6.     local seS = r(se)
  7.     post `postFig2' (`x') (`bL') (`seL') (`bS') (`seS')
  8. }

 ( 1)  treat_2006 + treat_b4_2006 = 0

------------------------------------------------------------------------------
employment~e | Coefficient  Std. err.      t    P>|t|     [95% conf. interval]
-------------+----------------------------------------------------------------
         (1) |   .0004412   .0033813     0.13   0.896    -.0062001    .0070824
------------------------------------------------------------------------------

 ( 1)  treat_2007 + treat_b4_2007 = 0

------------------------------------------------------------------------------
employment~e | Coefficient  Std. err.      t    P>|t|     [95% conf. interval]
-------------+----------------------------------------------------------------
         (1) |  -.0011889   .0035197    -0.34   0.736    -.0081021    .0057242
------------------------------------------------------------------------------

 ( 1)  treat_2008 + treat_b4_2008 = 0

------------------------------------------------------------------------------
employment~e | Coefficient  Std. err.      t    P>|t|     [95% conf. interval]
-------------+----------------------------------------------------------------
         (1) |   .0015433    .003179     0.49   0.628    -.0047007    .0077872
------------------------------------------------------------------------------

 ( 1)  treat_2009 + treat_b4_2009 = 0

------------------------------------------------------------------------------
employment~e | Coefficient  Std. err.      t    P>|t|     [95% conf. interval]
-------------+----------------------------------------------------------------
         (1) |   .0006186   .0028396     0.22   0.828    -.0049586    .0061958
------------------------------------------------------------------------------

 ( 1)  treat_2011 + treat_b4_2011 = 0

------------------------------------------------------------------------------
employment~e | Coefficient  Std. err.      t    P>|t|     [95% conf. interval]
-------------+----------------------------------------------------------------
         (1) |   .0032549   .0030266     1.08   0.283    -.0026898    .0091995
------------------------------------------------------------------------------

 ( 1)  treat_2012 + treat_b4_2012 = 0

------------------------------------------------------------------------------
employment~e | Coefficient  Std. err.      t    P>|t|     [95% conf. interval]
-------------+----------------------------------------------------------------
         (1) |    .000841   .0035713     0.24   0.814    -.0061734    .0078555
------------------------------------------------------------------------------

 ( 1)  treat_2013 + treat_b4_2013 = 0

------------------------------------------------------------------------------
employment~e | Coefficient  Std. err.      t    P>|t|     [95% conf. interval]
-------------+----------------------------------------------------------------
         (1) |   .0040916   .0034246     1.19   0.233    -.0026346    .0108179
------------------------------------------------------------------------------

 ( 1)  treat_2014 + treat_b4_2014 = 0

------------------------------------------------------------------------------
employment~e | Coefficient  Std. err.      t    P>|t|     [95% conf. interval]
-------------+----------------------------------------------------------------
         (1) |   .0025527   .0033422     0.76   0.445    -.0040119    .0091172
------------------------------------------------------------------------------

 ( 1)  treat_2015 + treat_b4_2015 = 0

------------------------------------------------------------------------------
employment~e | Coefficient  Std. err.      t    P>|t|     [95% conf. interval]
-------------+----------------------------------------------------------------
         (1) |   .0070807   .0029398     2.41   0.016     .0013066    .0128547
------------------------------------------------------------------------------

 ( 1)  treat_2016 + treat_b4_2016 = 0

------------------------------------------------------------------------------
employment~e | Coefficient  Std. err.      t    P>|t|     [95% conf. interval]
-------------+----------------------------------------------------------------
         (1) |   .0041356   .0031182     1.33   0.185    -.0019888      .01026
------------------------------------------------------------------------------

 ( 1)  treat_2017 + treat_b4_2017 = 0

------------------------------------------------------------------------------
employment~e | Coefficient  Std. err.      t    P>|t|     [95% conf. interval]
-------------+----------------------------------------------------------------
         (1) |   .0025114   .0030176     0.83   0.406    -.0034156    .0084383
------------------------------------------------------------------------------

 ( 1)  treat_2018 + treat_b4_2018 = 0

------------------------------------------------------------------------------
employment~e | Coefficient  Std. err.      t    P>|t|     [95% conf. interval]
-------------+----------------------------------------------------------------
         (1) |   .0017186   .0031355     0.55   0.584    -.0044399     .007877
------------------------------------------------------------------------------

. postclose `postFig2'

. 
. preserve

.     use `fig2data', clear

.     sort event_year

.     gen ci_lo_L = coefL - 1.96*seL

.     gen ci_hi_L = coefL + 1.96*seL

.     gen ci_lo_S = coefS - 1.96*seS

.     gen ci_hi_S = coefS + 1.96*seS

.     foreach v in ci_lo_L ci_hi_L ci_lo_S ci_hi_S {
  2.         replace `v' = . if event_year == 2010
  3.     }
(1 real change made, 1 to missing)
(1 real change made, 1 to missing)
(1 real change made, 1 to missing)
(1 real change made, 1 to missing)

. 
.     twoway (rcap ci_lo_L ci_hi_L event_year, lcolor(navy%40)) ///
>            (rcap ci_lo_S ci_hi_S event_year, lcolor(maroon%40)) ///
>            (connected coefL event_year, lcolor(navy)   mcolor(navy)   msymbol(O)) ///
>            (connected coefS event_year, lcolor(maroon) mcolor(maroon) msymbol(Dh)), ///
>            xline(2011, lpattern(dot) lcolor(gs8)) yline(0, lpattern(dot) lcolor(gs8)) ///
>            xlabel(2006(1)2018, angle(45) labsize(vsmall)) xtitle("Year", size(small)) ///
>            ytitle("Employment relative to 2010 (coefficient)", size(small)) ///
>            legend(order(3 "Large establishments" 4 "Small firms") ///
>                   cols(1) ring(0) position(11) region(lstyle(none)) size(small)) ///
>            graphregion(color(white)) plotregion(color(white)) ysize(4.5) xsize(6.5) ///
>            title("Figure 2: Event study by establishment size", size(medium)) ///
>            name(fig2, replace)

.     graph export "${figout}/figure_2.jpg", replace width(2000) height(1500)
file /Users/mac/JPE-replications/JPE-Morales-20211186/replication-package/Brinatti_Morales_Replication_Package/sieed_analysis/output/figure_2.jpg saved as JPG format

. restore

. 
. 
. log close
      name:  <unnamed>
       log:  /Users/mac/JPE-replications/JPE-Morales-20211186/replication-package/Brinatti_Morales_Replication_Package/sieed_analysis/log/2a_results_event_studies.log
  log type:  text
 closed on:   9 Sep 2026, 16:01:02
---------------------------------------------------------------------------------------------------------------------------------------------------------------------------------------------------------------------------------------------------------------
