---------------------------------------------------------------------------------------------------------------------------------------------------------------------------------------------------------------------------------------------------------------
      name:  <unnamed>
       log:  /Users/mac/JPE-replications/JPE-Morales-20211186/replication-package/Brinatti_Morales_Replication_Package/liab_analysis/log/10_epsilon_estimation.log
  log type:  text
 opened on:   9 Sep 2026, 15:16:52

. 
. * Epsilon estimation: within-firm elasticity of substitution (OLS and 2SLS)
. * Agostina Brinatti & Nicolas Morales
. * Source data: LIAB Longitudinal Model (version 1993-2014), IAB
. 
. /*      This dofile estimates epsilon, the within-firm elasticity of substitution
>         between immigrant and native workers (Table C1, Appendix C.2).
> 
>         Regression:
>           log(WageBill_imm/WageBill_nat)_jt = beta log(ImmEff/NatEmp)_jt + FE + u
>           epsilon = 1 / (1 - beta_hat)
> 
>         Output in this dofile:
>           Table 1 - Table C1: OLS and 2SLS point estimates
>           (99% bootstrap CIs computed and printed below the main table)
> 
>         Saved dataset:
>           ${data}/epsilon_baseline_bootstrapsample.dta — 5,000 bootstrap draws
> 
>         FDZ note: N (unweighted) reported via stats(N N_clust) in estout.
>           The bootstrap uses 5,000 firm-clustered draws. The sum command at the
>           end of the bootstrap section prints the 99% CI bounds (Table C1 supplement).
> */
. 
. /*
> 
> Input datasets:
> (i)  data_imm_effective_snap_draft: effective units of labor using the estimated kappa
> (ii) "${data}/individual_level_sieed_notw0.dta": firm-year level with the outcome variable, and the instrument
> 
> *This dofile estimates epsilon
> 
> */
. 
. clear

. 
. set more off

. set matsize 10000
set matsize ignored.
    Matrix sizes are no longer limited by c(matsize) in modern Statas.  Matrix sizes are now limited by edition of Stata.  See limits for more details.

. set linesize 255

. set seed 1234

. 
. capture adopath++ ${prog}

. 
. 
. use "${data}/dataset_epsilon_estimation.dta", clear

. 
. *Keep firms in sample of epsilon estimation 
. 
. merge 1:1 betnr jahr using "${data}/sample_epsilon_estimation.dta" , keepusing(sample_epsilon)

    Result                      Number of obs
    -----------------------------------------
    Not matched                         9,596
        from master                     9,596  (_merge==1)
        from using                          0  (_merge==2)

    Matched                               954  (_merge==3)
    -----------------------------------------

. drop _merge

. 
. 
. *Bring the immigrant in terms of efficient units computed using the estimated kappa
. 
. merge 1:1 betnr jahr using "${data}/dataset_immigrant_effective_units.dta" , keepusing(emp_imm_eff)

    Result                      Number of obs
    -----------------------------------------
    Not matched                        42,711
        from master                         0  (_merge==1)
        from using                     42,711  (_merge==2)

    Matched                            10,550  (_merge==3)
    -----------------------------------------

. drop _merge

. 
. 
. * Outcome and regressor variables for the wage regressions 
. 
. gen l_emp_imm_eff_nat=log(emp_imm_eff/nemp_nat_ft)
(50,795 missing values generated)

. 
.                 
. *-------------------------------------------------------------------------------
. * Baseline estimate:  
. *-------------------------------------------------------------------------------
. 
. 
. ****************************
. * Table 1
. * Table C1: OLS and 2SLS estimates of epsilon
. ****************************
. 
. * Variables: l_wbill_imm_nat (log immigrant-to-native wage bill ratio),
. *   l_emp_imm_eff_nat (log immigrant CES composite / native employment,
. *   constructed using kappa from dofile 9)
. * Instrument: iv_r_shift_sharew_o_f (shift-share; weighted by 2003 origin
. *   shares and national employment growth rates)
. * Selection: epsilon sample (sample_epsilon == 1); 2008-2011,
. *   establishments >= 10 employees, revenue available
. * FE: establishment (betnr), origin-group x year (rt_fe),
. *   industry x year (kt_fe); SE clustered at ind_labormkt
. * beta = (epsilon-1)/epsilon; implied epsilon reported via nlcom.
. * N (unweighted) reported via stats(N N_clust) in estout.
. * 95% bootstrap CIs (5,000 firm-clustered draws) reported below.
. 
. *Table C1: Estimates for epsilon
. 
. eststo OLS_bsl:     reghdfe   l_wbill_imm_nat l_emp_imm_eff_nat  if sample_epsilon==1, absorb(betnr rt_fe kt_fe) cluster(ind_labormkt)
(MWFE estimator converged in 26 iterations)

HDFE Linear regression                            Number of obs   =        185
Absorbing 3 HDFE groups                           F(   1,     51) =      20.91
Statistics robust to heteroskedasticity           Prob > F        =     0.0000
                                                  R-squared       =     0.9584
                                                  Adj R-squared   =     0.0439
                                                  Within R-sq.    =     0.3654
Number of clusters (ind_labormkt) =         52    Root MSE        =     1.4795

                               (Std. err. adjusted for 52 clusters in ind_labormkt)
-----------------------------------------------------------------------------------
                  |               Robust
  l_wbill_imm_nat | Coefficient  std. err.      t    P>|t|     [95% conf. interval]
------------------+----------------------------------------------------------------
l_emp_imm_eff_nat |   .9820841   .2147729     4.57   0.000     .5509095    1.413259
            _cons |  -.3159896     .28636    -1.10   0.275    -.8908813     .258902
-----------------------------------------------------------------------------------

Absorbed degrees of freedom:
-----------------------------------------------------+
 Absorbed FE | Categories  - Redundant  = Num. Coefs |
-------------+---------------------------------------|
       betnr |        65          65           0    *|
       rt_fe |        73           1          72     |
       kt_fe |        45           6          39     |
-----------------------------------------------------+
* = FE nested within cluster; treated as redundant for DoF computation

. nlcom (r21: 1 / (1-_b[l_emp_imm_eff_nat]) ), post 

         r21: 1 / (1-_b[l_emp_imm_eff_nat])

------------------------------------------------------------------------------
l_wbill_im~t | Coefficient  Std. err.      z    P>|z|     [95% conf. interval]
-------------+----------------------------------------------------------------
         r21 |   55.81638   669.1181     0.08   0.934    -1255.631    1367.264
------------------------------------------------------------------------------

. 
. ivreghdfe   l_wbill_imm_nat (l_emp_imm_eff_nat = iv_r_shift_sharew_o_f ) if sample_epsilon==1, absorb(betnr rt_fe kt_fe) cluster(ind_labormkt) 
(MWFE estimator converged in 26 iterations)

IV (2SLS) estimation
--------------------

Estimates efficient for homoskedasticity only
Statistics robust to heteroskedasticity and clustering on ind_labormkt

Number of clusters (ind_labormkt) =     52            Number of obs =      185
                                                      F(  1,    51) =     0.20
                                                      Prob > F      =   0.6586
Total (centered) SS     =   27.5937977                Centered R2   =  -2.1403
Total (uncentered) SS   =   27.5937977                Uncentered R2 =  -2.1403
Residual SS             =  86.65165552                Root MSE      =    1.089

-----------------------------------------------------------------------------------
                  |               Robust
  l_wbill_imm_nat | Coefficient  std. err.      t    P>|t|     [95% conf. interval]
------------------+----------------------------------------------------------------
l_emp_imm_eff_nat |  -1.589639   3.577211    -0.44   0.659     -8.77119    5.591912
-----------------------------------------------------------------------------------
Underidentification test (Kleibergen-Paap rk LM statistic):              1.788
                                                   Chi-sq(1) P-val =    0.1812
------------------------------------------------------------------------------
Weak identification test (Cragg-Donald Wald F statistic):                1.074
                         (Kleibergen-Paap rk Wald F statistic):          0.809
Stock-Yogo weak ID test critical values: 10% maximal IV size             16.38
                                         15% maximal IV size              8.96
                                         20% maximal IV size              6.66
                                         25% maximal IV size              5.53
Source: Stock-Yogo (2005).  Reproduced by permission.
NB: Critical values are for Cragg-Donald F statistic and i.i.d. errors.
------------------------------------------------------------------------------
Hansen J statistic (overidentification test of all instruments):         0.000
                                                 (equation exactly identified)
------------------------------------------------------------------------------
Instrumented:         l_emp_imm_eff_nat
Excluded instruments: iv_r_shift_sharew_o_f
Partialled-out:       _cons
                      nb: total SS, model F and R2s are after partialling-out;
                          any small-sample adjustments include partialled-out
                          variables in regressor count K
------------------------------------------------------------------------------

Absorbed degrees of freedom:
-----------------------------------------------------+
 Absorbed FE | Categories  - Redundant  = Num. Coefs |
-------------+---------------------------------------|
       betnr |        65          65           0    *|
       rt_fe |        73           1          72     |
       kt_fe |        45           6          39     |
-----------------------------------------------------+
* = FE nested within cluster; treated as redundant for DoF computation

. estimates store IV_bsl

. 
. nlcom (r21: 1 / (1-_b[l_emp_imm_eff_nat]) ), post 

         r21: 1 / (1-_b[l_emp_imm_eff_nat])

------------------------------------------------------------------------------
l_wbill_im~t | Coefficient  Std. err.      z    P>|z|     [95% conf. interval]
-------------+----------------------------------------------------------------
         r21 |   .3861542   .5334161     0.72   0.469    -.6593221    1.431631
------------------------------------------------------------------------------

. 
. estout OLS_bsl IV_bsl, varlabels(_cons \_cons)  cells(b(star) se p) starlevels( * 0.10 ** 0.05 *** 0.010) stats(N N_clust)

--------------------------------------------
                  OLS_bsl          IV_bsl   
                   b/se/p          b/se/p   
--------------------------------------------
l_emp_~f_nat     .9820841***    -1.589639   
                 .2147729        3.577211   
                  .000031        .6586483   
\_cons          -.3159896                   
                   .28636                   
                 .2750027                   
--------------------------------------------
N                     185             185   
N_clust                52              52   
--------------------------------------------

. eststo clear

. 
. 
. 
. 
. 
. *-------------------------------------------------------------------------------
. * Bootstrap of 5000 repetitions for standard errors - supressing log to avoid excessive output
. *-------------------------------------------------------------------------------
. 
. 
. keep if  sample_epsilon==1 
(53,076 observations deleted)

. 
. rename betnr betnr2

. 
. tsset  betnr2 jahr

Panel variable: betnr2 (unbalanced)
 Time variable: jahr, 2008 to 2011, but with gaps
         Delta: 1 unit

. 
. local ntot=5000

. 
. 
. log off 
      name:  <unnamed>
       log:  /Users/mac/JPE-replications/JPE-Morales-20211186/replication-package/Brinatti_Morales_Replication_Package/liab_analysis/log/10_epsilon_estimation.log
  log type:  text
 paused on:   9 Sep 2026, 15:16:53
---------------------------------------------------------------------------------------------------------------------------------------------------------------------------------------------------------------------------------------------------------------
---------------------------------------------------------------------------------------------------------------------------------------------------------------------------------------------------------------------------------------------------------------
      name:  <unnamed>
       log:  /Users/mac/JPE-replications/JPE-Morales-20211186/replication-package/Brinatti_Morales_Replication_Package/liab_analysis/log/10_epsilon_estimation.log
  log type:  text
resumed on:   9 Sep 2026, 15:24:43

.  
. 
.  *95% CI for reduced form coefficient 
.  
.  _pctile epsilon_ols , nq(1000)

.  gen epsilon_ols_25 = r(r25)

.   _pctile epsilon_ols , nq(1000)

.  gen epsilon_ols_975 = r(r975)

.   
.   
.  _pctile epsilon_2sls , nq(1000)

.  gen epsilon_2sls_25 = r(r25)

.   _pctile epsilon_2sls , nq(1000)

.  gen epsilon_2sls_975 = r(r975)

.  
.  
.  
.   *95% CI for epsilon 
.  
.  _pctile epsilon_1_ols , nq(1000)

.  gen epsilon_1_ols_25 = r(r25)

.   _pctile epsilon_1_ols , nq(1000)

.  gen epsilon_1_ols_975 = r(r975)

.   
.   
.  _pctile epsilon_2_2sls , nq(1000)

.  gen epsilon_2_2sls_25 = r(r25)

.   _pctile epsilon_2_2sls , nq(1000)

.  gen epsilon_2_2sls_975 = r(r975)

.   
. 
.  * Print results 
.  
. 
. ****************************
. * Table 1 (supplement)
. * Table C1: 99% bootstrap CIs for epsilon — OLS and 2SLS
. ****************************
. 
. * Variables: epsilon_ols_25 / epsilon_ols_975 (2.5 and 97.5 pctile of
. *   OLS epsilon distribution across 5,000 bootstrap draws);
. *   epsilon_2sls_25 / epsilon_2sls_975 (same for 2SLS)
. * N (bootstrap draws): 5,000 firm-clustered resamples
. 
.   *sum epsilon_ols_25 epsilon_ols_975 epsilon_2sls_25 epsilon_2sls_975
.   tabstat epsilon_ols_25 epsilon_ols_975 epsilon_2sls_25 epsilon_2sls_975 epsilon_1_ols_25 epsilon_1_ols_975 epsilon_2_2sls_25 epsilon_2_2sls_975, c(stat) s(mean n)

    Variable |      Mean         N
-------------+--------------------
epsilon_o~25 |  .4233241      5000
epsilon_o~75 |  1.686482      5000
ep~n_2sls_25 | -30.43556      5000
e~n_2sls_975 |  24.54177      5000
epsilon_1~25 | -52.60674      5000
epsilon_1~75 |   55.2355      5000
ep~2_2sls_25 | -3.283066      5000
e~2_2sls_975 |  3.560438      5000
----------------------------------

. 
. 
. 
.  * Save 
. 
. save "${data}/epsilon_baseline_bootstrapsample.dta",replace
(file /Users/mac/JPE-replications/JPE-Morales-20211186/replication-package/Brinatti_Morales_Replication_Package/liab_analysis/data/epsilon_baseline_bootstrapsample.dta not found)
file /Users/mac/JPE-replications/JPE-Morales-20211186/replication-package/Brinatti_Morales_Replication_Package/liab_analysis/data/epsilon_baseline_bootstrapsample.dta saved

. 
. 
. * Clean 
. 
. forvalues y=1/`ntot'{
  2. 
. erase "${data}/coeff`y'.dta"
  3. 
. }

. 
. 
. 
. 
. 
. 
. 
. log close
      name:  <unnamed>
       log:  /Users/mac/JPE-replications/JPE-Morales-20211186/replication-package/Brinatti_Morales_Replication_Package/liab_analysis/log/10_epsilon_estimation.log
  log type:  text
 closed on:   9 Sep 2026, 15:24:44
---------------------------------------------------------------------------------------------------------------------------------------------------------------------------------------------------------------------------------------------------------------
