---------------------------------------------------------------------------------------------------------------------------------------------------------------------------------------------------------------------------------------------------------------
      name:  <unnamed>
       log:  /Users/mac/JPE-replications/JPE-Morales-20211186/replication-package/Brinatti_Morales_Replication_Package/liab_analysis/log/12_epsilon_firm_characteristics.log
  log type:  text
 opened on:   9 Sep 2026, 15:45:23

. 
. * Epsilon robustness: controlling for firm characteristics x year (Table C5)
. * Agostina Brinatti & Nicolas Morales
. * Source data: LIAB Longitudinal Model (version 1993-2014), IAB
. 
. /*      This dofile tests the robustness of the epsilon estimate to controlling
>         for initial firm characteristics interacted with year dummies (Table C5).
> 
>         Output in this dofile:
>           Table 1 - Table C5: Robustness of epsilon to firm characteristics
> 
>         FDZ note: N (unweighted) reported via stats(N N_clust) in estout.
>           The commented-out block above the active regressions is an earlier
>           specification with continuous trends; it is kept for reference but
>           not used in the paper. Only the active estout block is for submission.
> */
. 
. /*
> 
> Description here
> 
> */
. 
. clear

. 
. set more off

. set matsize 10000
set matsize ignored.
    Matrix sizes are no longer limited by c(matsize) in modern Statas.  Matrix sizes are now limited by edition of Stata.  See limits for more details.

. set linesize 255

. set seed 1234

. 
. capture adopath++ ${prog}

. 
. 
. 
. use "${data}/dataset_epsilon_estimation.dta", clear

. 
. *Keep firms in sample of epsilon estimation 
. 
. merge 1:1 betnr jahr using "${data}/sample_epsilon_estimation.dta" , keepusing(sample_epsilon)

    Result                      Number of obs
    -----------------------------------------
    Not matched                         9,596
        from master                     9,596  (_merge==1)
        from using                          0  (_merge==2)

    Matched                               954  (_merge==3)
    -----------------------------------------

. drop _merge

. 
. 
. *Bring the immigrant in terms of efficient units computed using the estimated kappa
. 
. merge 1:1 betnr jahr using "${data}/dataset_immigrant_effective_units.dta" , keepusing(emp_imm_eff)

    Result                      Number of obs
    -----------------------------------------
    Not matched                        42,711
        from master                         0  (_merge==1)
        from using                     42,711  (_merge==2)

    Matched                            10,550  (_merge==3)
    -----------------------------------------

. drop _merge

. 
. 
. * Outcome and regressor variables for the wage regressions 
. 
. gen l_emp_imm_eff_nat=log(emp_imm_eff/nemp_nat_ft)
(50,795 missing values generated)

. 
.                 
. *-------------------------------------------------------------------------------
. * Baseline estimate:  
. *-------------------------------------------------------------------------------
. 
. 
. ****************************
. * Table 1
. * Table C5: Robustness of epsilon — firm characteristics x year
. ****************************
. 
. * Variables: l_wbill_imm_nat (dep var); l_emp_imm_eff_nat (regressor);
. *   instrument: iv_r_shift_sharew_o_f
. * Additional FE per column: baseline / exp_sh_03 / l_emp_tot_03 /
. *   emp_sh_coll_03 / premium_03 (each interacted with year dummies)
. * Selection: epsilon sample (sample_epsilon==1)
. * Implied epsilon reported via nlcom for each column.
. * N (unweighted) reported via stats(N N_clust) in estout.
. 
. ****Table C5: Robustness of epsilon when controlling for covariates
. 
. ivreghdfe   l_wbill_imm_nat (l_emp_imm_eff_nat = iv_r_shift_sharew_o_f ) if sample_epsilon==1,  absorb(betnr rt_fe kt_fe) cluster(ind_labormkt) 
(MWFE estimator converged in 26 iterations)

IV (2SLS) estimation
--------------------

Estimates efficient for homoskedasticity only
Statistics robust to heteroskedasticity and clustering on ind_labormkt

Number of clusters (ind_labormkt) =     52            Number of obs =      185
                                                      F(  1,    51) =     0.20
                                                      Prob > F      =   0.6586
Total (centered) SS     =   27.5937977                Centered R2   =  -2.1403
Total (uncentered) SS   =   27.5937977                Uncentered R2 =  -2.1403
Residual SS             =  86.65165552                Root MSE      =    1.089

-----------------------------------------------------------------------------------
                  |               Robust
  l_wbill_imm_nat | Coefficient  std. err.      t    P>|t|     [95% conf. interval]
------------------+----------------------------------------------------------------
l_emp_imm_eff_nat |  -1.589639   3.577211    -0.44   0.659     -8.77119    5.591912
-----------------------------------------------------------------------------------
Underidentification test (Kleibergen-Paap rk LM statistic):              1.788
                                                   Chi-sq(1) P-val =    0.1812
------------------------------------------------------------------------------
Weak identification test (Cragg-Donald Wald F statistic):                1.074
                         (Kleibergen-Paap rk Wald F statistic):          0.809
Stock-Yogo weak ID test critical values: 10% maximal IV size             16.38
                                         15% maximal IV size              8.96
                                         20% maximal IV size              6.66
                                         25% maximal IV size              5.53
Source: Stock-Yogo (2005).  Reproduced by permission.
NB: Critical values are for Cragg-Donald F statistic and i.i.d. errors.
------------------------------------------------------------------------------
Hansen J statistic (overidentification test of all instruments):         0.000
                                                 (equation exactly identified)
------------------------------------------------------------------------------
Instrumented:         l_emp_imm_eff_nat
Excluded instruments: iv_r_shift_sharew_o_f
Partialled-out:       _cons
                      nb: total SS, model F and R2s are after partialling-out;
                          any small-sample adjustments include partialled-out
                          variables in regressor count K
------------------------------------------------------------------------------

Absorbed degrees of freedom:
-----------------------------------------------------+
 Absorbed FE | Categories  - Redundant  = Num. Coefs |
-------------+---------------------------------------|
       betnr |        65          65           0    *|
       rt_fe |        73           1          72     |
       kt_fe |        45           6          39     |
-----------------------------------------------------+
* = FE nested within cluster; treated as redundant for DoF computation

. estimates store IV_bsl

. nlcom (r21: 1 / (1-_b[l_emp_imm_eff_nat]) ), post 

         r21: 1 / (1-_b[l_emp_imm_eff_nat])

------------------------------------------------------------------------------
l_wbill_im~t | Coefficient  Std. err.      z    P>|z|     [95% conf. interval]
-------------+----------------------------------------------------------------
         r21 |   .3861542   .5334161     0.72   0.469    -.6593221    1.431631
------------------------------------------------------------------------------

. 
. ivreghdfe   l_wbill_imm_nat (l_emp_imm_eff_nat = iv_r_shift_sharew_o_f )  if sample_epsilon==1,  absorb(betnr rt_fe kt_fe c.exp_sh_03#i.jahr) cluster(ind_labormkt) 
(dropped 32 singleton observations)
(MWFE estimator converged in 27 iterations)

IV (2SLS) estimation
--------------------

Estimates efficient for homoskedasticity only
Statistics robust to heteroskedasticity and clustering on ind_labormkt

Number of clusters (ind_labormkt) =     34            Number of obs =      127
                                                      F(  1,    33) =     0.39
                                                      Prob > F      =   0.5352
Total (centered) SS     =  9.823211131                Centered R2   =  -4.2464
Total (uncentered) SS   =  9.823211131                Uncentered R2 =  -4.2464
Residual SS             =  51.53603932                Root MSE      =     1.07

-----------------------------------------------------------------------------------
                  |               Robust
  l_wbill_imm_nat | Coefficient  std. err.      t    P>|t|     [95% conf. interval]
------------------+----------------------------------------------------------------
l_emp_imm_eff_nat |  -1.848664    2.94992    -0.63   0.535    -7.850322    4.152993
-----------------------------------------------------------------------------------
Underidentification test (Kleibergen-Paap rk LM statistic):              1.004
                                                   Chi-sq(1) P-val =    0.3163
------------------------------------------------------------------------------
Weak identification test (Cragg-Donald Wald F statistic):                0.713
                         (Kleibergen-Paap rk Wald F statistic):          0.376
Stock-Yogo weak ID test critical values: 10% maximal IV size             16.38
                                         15% maximal IV size              8.96
                                         20% maximal IV size              6.66
                                         25% maximal IV size              5.53
Source: Stock-Yogo (2005).  Reproduced by permission.
NB: Critical values are for Cragg-Donald F statistic and i.i.d. errors.
------------------------------------------------------------------------------
Hansen J statistic (overidentification test of all instruments):         0.000
                                                 (equation exactly identified)
------------------------------------------------------------------------------
Instrumented:         l_emp_imm_eff_nat
Excluded instruments: iv_r_shift_sharew_o_f
Partialled-out:       _cons
                      nb: total SS, model F and R2s are after partialling-out;
                          any small-sample adjustments include partialled-out
                          variables in regressor count K
------------------------------------------------------------------------------

Absorbed degrees of freedom:
----------------------------------------------------------+
      Absorbed FE | Categories  - Redundant  = Num. Coefs |
------------------+---------------------------------------|
            betnr |        45          45           0    *|
            rt_fe |        52           1          51     |
            kt_fe |        33           7          26     |
 jahr#c.exp_sh_03 |         4           0           4    ?|
----------------------------------------------------------+
? = number of redundant parameters may be higher
* = FE nested within cluster; treated as redundant for DoF computation

. estimates store exp_sh_03

. nlcom (r21: 1 / (1-_b[l_emp_imm_eff_nat]) ), post 

         r21: 1 / (1-_b[l_emp_imm_eff_nat])

------------------------------------------------------------------------------
l_wbill_im~t | Coefficient  Std. err.      z    P>|z|     [95% conf. interval]
-------------+----------------------------------------------------------------
         r21 |   .3510417   .3635194     0.97   0.334    -.3614433    1.063527
------------------------------------------------------------------------------

. 
. ivreghdfe   l_wbill_imm_nat (l_emp_imm_eff_nat = iv_r_shift_sharew_o_f )  if sample_epsilon==1,  absorb(betnr rt_fe kt_fe c.l_emp_tot_03#i.jahr) cluster(ind_labormkt) 
(dropped 10 singleton observations)
(MWFE estimator converged in 40 iterations)

IV (2SLS) estimation
--------------------

Estimates efficient for homoskedasticity only
Statistics robust to heteroskedasticity and clustering on ind_labormkt

Number of clusters (ind_labormkt) =     44            Number of obs =      166
                                                      F(  1,    43) =     0.30
                                                      Prob > F      =   0.5889
Total (centered) SS     =  24.65771603                Centered R2   =  -2.5082
Total (uncentered) SS   =  24.65771603                Uncentered R2 =  -2.5082
Residual SS             =  86.50387428                Root MSE      =    1.191

-----------------------------------------------------------------------------------
                  |               Robust
  l_wbill_imm_nat | Coefficient  std. err.      t    P>|t|     [95% conf. interval]
------------------+----------------------------------------------------------------
l_emp_imm_eff_nat |  -1.800614   3.307257    -0.54   0.589    -8.470332    4.869105
-----------------------------------------------------------------------------------
Underidentification test (Kleibergen-Paap rk LM statistic):              2.064
                                                   Chi-sq(1) P-val =    0.1509
------------------------------------------------------------------------------
Weak identification test (Cragg-Donald Wald F statistic):                1.373
                         (Kleibergen-Paap rk Wald F statistic):          0.788
Stock-Yogo weak ID test critical values: 10% maximal IV size             16.38
                                         15% maximal IV size              8.96
                                         20% maximal IV size              6.66
                                         25% maximal IV size              5.53
Source: Stock-Yogo (2005).  Reproduced by permission.
NB: Critical values are for Cragg-Donald F statistic and i.i.d. errors.
------------------------------------------------------------------------------
Hansen J statistic (overidentification test of all instruments):         0.000
                                                 (equation exactly identified)
------------------------------------------------------------------------------
Instrumented:         l_emp_imm_eff_nat
Excluded instruments: iv_r_shift_sharew_o_f
Partialled-out:       _cons
                      nb: total SS, model F and R2s are after partialling-out;
                          any small-sample adjustments include partialled-out
                          variables in regressor count K
------------------------------------------------------------------------------

Absorbed degrees of freedom:
-------------------------------------------------------------+
         Absorbed FE | Categories  - Redundant  = Num. Coefs |
---------------------+---------------------------------------|
               betnr |        57          57           0    *|
               rt_fe |        67           1          66     |
               kt_fe |        40           6          34     |
 jahr#c.l_emp_tot_03 |         4           0           4    ?|
-------------------------------------------------------------+
? = number of redundant parameters may be higher
* = FE nested within cluster; treated as redundant for DoF computation

. estimates store l_emp_tot_03

. nlcom (r21: 1 / (1-_b[l_emp_imm_eff_nat]) ), post 

         r21: 1 / (1-_b[l_emp_imm_eff_nat])

------------------------------------------------------------------------------
l_wbill_im~t | Coefficient  Std. err.      z    P>|z|     [95% conf. interval]
-------------+----------------------------------------------------------------
         r21 |   .3570646   .4216591     0.85   0.397     -.469372    1.183501
------------------------------------------------------------------------------

. 
. ivreghdfe   l_wbill_imm_nat (l_emp_imm_eff_nat = iv_r_shift_sharew_o_f ) if sample_epsilon==1,  absorb(betnr rt_fe kt_fe c.emp_sh_coll_03#i.jahr ) cluster(ind_labormkt) 
(dropped 10 singleton observations)
(MWFE estimator converged in 34 iterations)

IV (2SLS) estimation
--------------------

Estimates efficient for homoskedasticity only
Statistics robust to heteroskedasticity and clustering on ind_labormkt

Number of clusters (ind_labormkt) =     44            Number of obs =      166
                                                      F(  1,    43) =     0.24
                                                      Prob > F      =   0.6272
Total (centered) SS     =  24.25875748                Centered R2   =  -1.6645
Total (uncentered) SS   =  24.25875748                Uncentered R2 =  -1.6645
Residual SS             =  64.63824221                Root MSE      =    1.029

-----------------------------------------------------------------------------------
                  |               Robust
  l_wbill_imm_nat | Coefficient  std. err.      t    P>|t|     [95% conf. interval]
------------------+----------------------------------------------------------------
l_emp_imm_eff_nat |  -1.349161   2.757834    -0.49   0.627    -6.910865    4.212542
-----------------------------------------------------------------------------------
Underidentification test (Kleibergen-Paap rk LM statistic):              2.383
                                                   Chi-sq(1) P-val =    0.1227
------------------------------------------------------------------------------
Weak identification test (Cragg-Donald Wald F statistic):                1.401
                         (Kleibergen-Paap rk Wald F statistic):          1.008
Stock-Yogo weak ID test critical values: 10% maximal IV size             16.38
                                         15% maximal IV size              8.96
                                         20% maximal IV size              6.66
                                         25% maximal IV size              5.53
Source: Stock-Yogo (2005).  Reproduced by permission.
NB: Critical values are for Cragg-Donald F statistic and i.i.d. errors.
------------------------------------------------------------------------------
Hansen J statistic (overidentification test of all instruments):         0.000
                                                 (equation exactly identified)
------------------------------------------------------------------------------
Instrumented:         l_emp_imm_eff_nat
Excluded instruments: iv_r_shift_sharew_o_f
Partialled-out:       _cons
                      nb: total SS, model F and R2s are after partialling-out;
                          any small-sample adjustments include partialled-out
                          variables in regressor count K
------------------------------------------------------------------------------

Absorbed degrees of freedom:
---------------------------------------------------------------+
           Absorbed FE | Categories  - Redundant  = Num. Coefs |
-----------------------+---------------------------------------|
                 betnr |        57          57           0    *|
                 rt_fe |        67           1          66     |
                 kt_fe |        40           6          34     |
 jahr#c.emp_sh_coll_03 |         4           0           4    ?|
---------------------------------------------------------------+
? = number of redundant parameters may be higher
* = FE nested within cluster; treated as redundant for DoF computation

. estimates store emp_sh_coll_03

. nlcom (r21: 1 / (1-_b[l_emp_imm_eff_nat]) ), post 

         r21: 1 / (1-_b[l_emp_imm_eff_nat])

------------------------------------------------------------------------------
l_wbill_im~t | Coefficient  Std. err.      z    P>|z|     [95% conf. interval]
-------------+----------------------------------------------------------------
         r21 |   .4256838   .4997381     0.85   0.394    -.5537848    1.405152
------------------------------------------------------------------------------

. 
. ivreghdfe   l_wbill_imm_nat (l_emp_imm_eff_nat = iv_r_shift_sharew_o_f )  if sample_epsilon==1,  absorb(betnr rt_fe kt_fe c.premium_03#i.jahr) cluster(ind_labormkt) 
(dropped 37 singleton observations)
(MWFE estimator converged in 30 iterations)

IV (2SLS) estimation
--------------------

Estimates efficient for homoskedasticity only
Statistics robust to heteroskedasticity and clustering on ind_labormkt

Number of clusters (ind_labormkt) =     30            Number of obs =      110
                                                      F(  1,    29) =     0.61
                                                      Prob > F      =   0.4399
Total (centered) SS     =  16.03965548                Centered R2   =  -2.9549
Total (uncentered) SS   =  16.03965548                Uncentered R2 =  -2.9549
Residual SS             =  63.43597699                Root MSE      =    1.408

-----------------------------------------------------------------------------------
                  |               Robust
  l_wbill_imm_nat | Coefficient  std. err.      t    P>|t|     [95% conf. interval]
------------------+----------------------------------------------------------------
l_emp_imm_eff_nat |  -2.325207   2.968892    -0.78   0.440    -8.397272    3.746859
-----------------------------------------------------------------------------------
Underidentification test (Kleibergen-Paap rk LM statistic):              1.283
                                                   Chi-sq(1) P-val =    0.2574
------------------------------------------------------------------------------
Weak identification test (Cragg-Donald Wald F statistic):                0.963
                         (Kleibergen-Paap rk Wald F statistic):          0.815
Stock-Yogo weak ID test critical values: 10% maximal IV size             16.38
                                         15% maximal IV size              8.96
                                         20% maximal IV size              6.66
                                         25% maximal IV size              5.53
Source: Stock-Yogo (2005).  Reproduced by permission.
NB: Critical values are for Cragg-Donald F statistic and i.i.d. errors.
------------------------------------------------------------------------------
Hansen J statistic (overidentification test of all instruments):         0.000
                                                 (equation exactly identified)
------------------------------------------------------------------------------
Instrumented:         l_emp_imm_eff_nat
Excluded instruments: iv_r_shift_sharew_o_f
Partialled-out:       _cons
                      nb: total SS, model F and R2s are after partialling-out;
                          any small-sample adjustments include partialled-out
                          variables in regressor count K
------------------------------------------------------------------------------

Absorbed degrees of freedom:
-----------------------------------------------------------+
       Absorbed FE | Categories  - Redundant  = Num. Coefs |
-------------------+---------------------------------------|
             betnr |        39          39           0    *|
             rt_fe |        47           1          46     |
             kt_fe |        31           4          27     |
 jahr#c.premium_03 |         4           0           4    ?|
-----------------------------------------------------------+
? = number of redundant parameters may be higher
* = FE nested within cluster; treated as redundant for DoF computation

. estimates store premium_03

. nlcom (r21: 1 / (1-_b[l_emp_imm_eff_nat]) ), post 

         r21: 1 / (1-_b[l_emp_imm_eff_nat])

------------------------------------------------------------------------------
l_wbill_im~t | Coefficient  Std. err.      z    P>|z|     [95% conf. interval]
-------------+----------------------------------------------------------------
         r21 |   .3007332   .2685079     1.12   0.263    -.2255326     .826999
------------------------------------------------------------------------------

. 
. estout IV_bsl exp_sh_03 l_emp_tot_03 emp_sh_coll_03 premium_03, varlabels(_cons \_cons)  cells(b(star) se ) starlevels( * 0.10 ** 0.05 *** 0.010) stats(N N_clust)

--------------------------------------------------------------------------------------------
                   IV_bsl       exp_sh_03    l_emp_tot_03    emp_sh_co~03      premium_03   
                     b/se            b/se            b/se            b/se            b/se   
--------------------------------------------------------------------------------------------
l_emp_~f_nat    -1.589639       -1.848664       -1.800614       -1.349161       -2.325207   
                 3.577211         2.94992        3.307257        2.757834        2.968892   
--------------------------------------------------------------------------------------------
N                     185             127             166             166             110   
N_clust                52              34              44              44              30   
--------------------------------------------------------------------------------------------

. eststo clear

.  
. log close
      name:  <unnamed>
       log:  /Users/mac/JPE-replications/JPE-Morales-20211186/replication-package/Brinatti_Morales_Replication_Package/liab_analysis/log/12_epsilon_firm_characteristics.log
  log type:  text
 closed on:   9 Sep 2026, 15:45:25
---------------------------------------------------------------------------------------------------------------------------------------------------------------------------------------------------------------------------------------------------------------
