---------------------------------------------------------------------------------------------------------------------------------------------------------------------------------------------------------------------------------------------------------------
      name:  <unnamed>
       log:  /Users/mac/JPE-replications/JPE-Morales-20211186/replication-package/Brinatti_Morales_Replication_Package/liab_analysis/log/16_estimate_nu.log
  log type:  text
 opened on:   9 Sep 2026, 15:57:18

. 
. * Nu estimation: CV^2 of exponentiated wage residuals for Frechet calibration (Table C6)
. * Agostina Brinatti & Nicolas Morales
. * Source data: LIAB Longitudinal Model (version 1993-2014), IAB
. *              IAB Establishment Panel (IABBP), waves 2004-2012
. 
. /*      This dofile constructs the firm-level dataset needed for the revenue
>         regression sample (Part 1) and then computes the squared coefficient of
>         variation of exponentiated native wage residuals under three fixed-effect. 
>         
>         To get the estimated values of nu, please run the matlab code estimate_nu_cont that can be found in the replication package. 
>         This matlab file calls the function solve_nu also in the replication folder
> 
> ****************************
> * Table 1
> * Table C6: Squared CV of exponentiated native wage residuals
> ****************************
> 
> * Variables: nwage_hat_nc / nwage_hat_c / nwage_hat_cov
> *   (exponentiated residuals from log-wage regression of native workers
> *   under three increasingly saturated fixed-effect specifications)
> * Specification nc:  industry x year FEs only
> * Specification c:   industry x year + district FEs + age + gender controls
> * Specification cov: fully saturated (nationality x industry x age x gender
> *                    x district x year FEs)
> * Selection: Native workers (nation_single == 1), full-time (erwstat_gr == 1),
> *   aged 25-65, in the revenue regression sample (sample_rev == 1)
> * CV^2 = (sd / mean)^2 of the exponentiated residual for each specification
> * Used to calibrate the Frechet labour supply parameter nu via equation (49):
> *   CV^2 = Gamma(1 - 2/nu) / [Gamma(1 - 1/nu)]^2 - 1
> * N (unweighted) reported via di after each specification.
> 
>         specifications (Part 2). The CV^2 values are used to calibrate the
>         Frechet labour supply parameter nu via equation (49).
> 
>         Output in this dofile:
>           Table 1 - Table C6: CV^2 of exponentiated wage residuals by FE spec
> 
>         Saved intermediate dataset:
>           ${data}/data_sample_nu.dta — sample flag for the nu regression
> 
>         FDZ note: N (unweighted) is reported via di after each specification.
>           The CV^2 is computed as (sd/mean)^2 from the sum output.
> */
. 
. clear

. set more off

. set matsize 10000
set matsize ignored.
    Matrix sizes are no longer limited by c(matsize) in modern Statas.  Matrix sizes are now limited by edition of Stata.  See limits for more details.

. set linesize 255

. set seed 1234

. 
. cap adopath++ ${prog}

. 
. *FDZ: duplicate log removed — log opened at top of file
. *capture log close
. *log using "${log}/2j_estimate_nu_simplified.log", replace
. 
. 
. *===============================================================================
. * PART 1: BUILD FIRM-LEVEL DATASET TO DEFINE THE REVENUE-REGRESSION SAMPLE
. *===============================================================================
. 
. use "${data}/dataset_individual_validation.dta", clear

. 
. keep if erwstat_gr == 1
(674,989 observations deleted)

. rename tentgelt_orig tentgelt

. gen german = (nation_single == 1)

. gen l_wage  = log(tentgelt)
(13,654 missing values generated)

. 
. * Merge industry / location identifiers
. merge m:1 betnr jahr using "${orig}/liab_lm_9314_v1_bhp_basis_v1.dta", ///
>     keepusing(w93_3_gen az_ges ao_kreis grd_jahr lzt_jahr te_imp_mw)
(variable betnr was long, now double to accommodate using data's values)
(variable jahr was float, now double to accommodate using data's values)

    Result                      Number of obs
    -----------------------------------------
    Not matched                       123,386
        from master                    35,576  (_merge==1)
        from using                     87,810  (_merge==2)

    Matched                           932,977  (_merge==3)
    -----------------------------------------

. drop if _merge != 3
(123,386 observations deleted)

. drop _merge

. 
. * Reduced local labour markets
. gen ao_kreis11 = ao_kreis
(60 missing values generated)

. merge m:1 ao_kreis11 using "${data}/aokreis11.dta"

    Result                      Number of obs
    -----------------------------------------
    Not matched                            60
        from master                        60  (_merge==1)
        from using                          0  (_merge==2)

    Matched                           932,917  (_merge==3)
    -----------------------------------------

. drop if _merge == 2
(0 observations deleted)

. drop _merge

. drop if ao_kreis11 == .
(60 observations deleted)

. 
. cap drop ao_bula

. gen ao_bula = floor(ao_kreis / 1000)

. 
. *---------------------------------------
. * Industry categories
. *---------------------------------------
. gen ind_2dig = floor(w93_3_gen / 10)
(100 missing values generated)

. 
. replace ind_2dig = 1  if ind_2dig >= 1  & ind_2dig <= 5
(1,843 real changes made)

. replace ind_2dig = 10 if ind_2dig >= 10 & ind_2dig <= 14
(2,659 real changes made)

. replace ind_2dig = 15 if ind_2dig >= 15 & ind_2dig <= 16
(0 real changes made)

. replace ind_2dig = 17 if ind_2dig >= 17 & ind_2dig <= 19
(2,634 real changes made)

. replace ind_2dig = 23 if ind_2dig >= 23 & ind_2dig <= 24
(5,794 real changes made)

. replace ind_2dig = 29 if ind_2dig >= 29 & ind_2dig <= 30
(395 real changes made)

. replace ind_2dig = 37 if ind_2dig >= 37 & ind_2dig <= 41
(5,549 real changes made)

. replace ind_2dig = 65 if ind_2dig >= 65 & ind_2dig <= 67
(9,210 real changes made)

. 
. gen tradeable3 = ((w93_3_gen >= 154 & w93_3_gen <= 366) | ///
>                   (w93_3_gen >= 721 & w93_3_gen <= 744) | ///
>                   (w93_3_gen >= 501 & w93_3_gen <= 517))

. 
. * Two 2-digit industries span both T and NT — collapse to consistent group
. egen ind_2dig_aux = group(ind_2dig tradeable3)
(100 missing values generated)

. drop ind_2dig

. rename ind_2dig_aux ind_2dig

. 
. *---------------------------------------
. * Fixed effects
. *---------------------------------------
. egen ind_labormkt = group(ind_2dig local_labor11)
(100 missing values generated)

. egen ind_med_time = group(ind_2dig jahr)
(100 missing values generated)

. 
. *---------------------------------------
. * Firm-level employment and wage bill by nativity (needed for regressors)
. *---------------------------------------
. bysort betnr jahr: egen nemp_ft     = sum(1)

. bysort betnr jahr: egen nemp_nat_ft = sum((nation_single == 1) * 1)

. bysort betnr jahr: egen nemp_imm_ft = sum((nation_single != 1) * 1)

. bysort betnr jahr: egen wemp_nat_ft = sum((nation_single == 1) * tentgelt)

. bysort betnr jahr: egen wemp_imm_ft = sum((nation_single != 1) * tentgelt)

. 
. *---------------------------------------
. * Market-level share of immigrants (endogenous regressor)
. *---------------------------------------
. bysort local_labor11 jahr: egen wemp_rt     = sum(tentgelt)

. bysort local_labor11 jahr: egen wemp_nat_rt = sum((nation_single == 1) * tentgelt)

. 
. gen share_mig_local2_t = (wemp_rt - wemp_nat_rt) / wemp_rt
(10 missing values generated)

. 
. *---------------------------------------
. * Firm-level regressors
. *---------------------------------------
. gen emp_03_1 = log(nemp_ft) if jahr == 2003
(889,865 missing values generated)

. bysort betnr: egen logemp_tot_firm03 = mean(emp_03_1)
(335,404 missing values generated)

. drop emp_03_1

. 
. by betnr (jahr), sort: gen logemp_tot_totlag = log(nemp_ft[_n-1])
(13,194 missing values generated)

. 
. gen interaction = share_mig_local2_t * logemp_tot_totlag
(13,204 missing values generated)

. 
. *---------------------------------------
. * Instrument: shift-share (market level, counts)
. *---------------------------------------
. 
. * Initial shares in 2003 at the market level
. bysort nation_single ind_labormkt jahr: egen nemp_orkt  = sum(1)

. bysort ind_labormkt  jahr:              egen nemp_imm_rkt = sum((nation_single != 1) * 1)

. 
. gen share_03_1 = nemp_orkt / nemp_imm_rkt if jahr == 2003
(907,030 missing values generated)

. bysort nation_single ind_labormkt: egen share_03_ork = mean(share_03_1)
(561,970 missing values generated)

. replace share_03_ork = . if nation_single == 1
(332,142 real changes made, 332,142 to missing)

. 
. * Shifter components
. bysort ao_bula jahr nation_single: egen nemp_ost = sum(1)

. bysort ao_bula jahr:               egen nemp_gst = sum((nation_single == 1) * 1)

. bysort jahr nation_single:         egen nemp_ot  = sum(1)

. bysort jahr:                       egen nemp_gt  = sum((nation_single == 1) * 1)

. 
. * Aggregate shift-share to market level
. gen shift_share_o = share_03_ork * (nemp_ot - nemp_ost) / (nemp_gt - nemp_gst)
(894,112 missing values generated)

. replace shift_share_o = . if nation_single == 1
(0 real changes made)

. 
. bysort nation_single jahr ind_labormkt: gen  n_ss  = _n

. gen  t_ss = shift_share_o if n_ss == 1
(915,931 missing values generated)

. bysort jahr ind_labormkt: egen iv_shift_share_o = total(t_ss)

. replace iv_shift_share_o = 0 if iv_shift_share_o == .
(0 real changes made)

. drop t_ss n_ss

. 
. * Merge external instrument (dataset_instrument_validation)
. * — done after collapse; kept for the ivreghdfe below
. 
. *---------------------------------------
. * Keep LIAB sample and collapse to firm level
. *---------------------------------------
. keep if betr_st == 1 | betr_st == 2
(530,759 observations deleted)

. keep if jahr >= 2003 & jahr <= 2011
(184,215 observations deleted)

. 
. * Workforce composition (needed for financials / controls)
. gen young = (age <= 40)

. bysort betnr jahr: egen tot_emp_coll  = sum(college)

. bysort betnr jahr: egen tot_emp_ncoll = sum(1 - college)

. 
. gen l_emp_tot = log(nemp_ft)

. 
. duplicates drop betnr jahr, force

Duplicates in terms of betnr jahr

(206,782 observations deleted)

. 
. *---------------------------------------
. * Firm-level financials from IAB establishment panel surveys
. *---------------------------------------
. 
. gen turnover_type = .
(11,161 missing values generated)

. gen turnover      = .
(11,161 missing values generated)

. gen exports_foreign = .
(11,161 missing values generated)

. gen int_inputs    = .
(11,161 missing values generated)

. gen grosspay      = .
(11,161 missing values generated)

. gen collective_agreement  = .
(11,161 missing values generated)

. gen industry_agreement    = .
(11,161 missing values generated)

. gen ownership_structure   = .
(11,161 missing values generated)

. gen single_establishment  = .
(11,161 missing values generated)

. gen parent_ownership      = .
(11,161 missing values generated)

. gen foreign_parent        = .
(11,161 missing values generated)

. gen relocated  = .
(11,161 missing values generated)

. gen integrated = .
(11,161 missing values generated)

. gen investment = .
(11,161 missing values generated)

. 
. * 2012 survey → 2011 data
. quietly merge m:1 idnum using "${orig}/iabbp_2012.dta", keepusing(t80 t79b t48 t49 t52 t21 t11 t09a t09b t09c t08 t07 t02a t02b t02c t02d t03)

. drop if _merge == 2
(10,970 observations deleted)

. replace turnover_type   = t07   if jahr == 2011
(1,214 real changes made)

. replace turnover        = t08   if jahr == 2011
(1,044 real changes made)

. replace grosspay        = t52   if jahr == 2011
(1,214 real changes made)

. replace exports_foreign = t09c  if t09c != -9 & jahr == 2011
(1,169 real changes made)

. replace int_inputs      = t11   if t11  != -9 & jahr == 2011
(977 real changes made)

. replace investment      = t21   if t21  != -9 & jahr == 2011
(710 real changes made)

. replace investment      = 0     if t21  == .  & jahr == 2011 & _merge == 3
(467 real changes made)

. replace collective_agreement = t48  if t48 != -9 & jahr == 2011
(1,207 real changes made)

. replace ownership_structure  = t80  if t80 != -9 & jahr == 2011
(1,207 real changes made)

. replace single_establishment = 1    if t80 == 1  & jahr == 2011
(952 real changes made)

. replace single_establishment = 0    if t80 != 1  & t80 != -9 & _merge == 3 & jahr == 2011
(272 real changes made)

. drop t80 t79b t48 t49 t52 t21 t11 t09a t09b t09c t08 t07 t02a t02b t02c t02d t03 _merge

. 
. * 2011 survey → 2010 data
. quietly merge m:1 idnum using "${orig}/iabbp_2011.dta", keepusing(s80b s84 s53 s52 s17 s11 s09c s08 s07 s58)

. drop if _merge == 2
(10,323 observations deleted)

. replace turnover_type   = s07  if jahr == 2010
(1,017 real changes made)

. replace turnover        = s08  if jahr == 2010
(897 real changes made)

. replace grosspay        = s58  if jahr == 2010
(1,017 real changes made)

. replace exports_foreign = s09c if s09c != -9 & jahr == 2010
(977 real changes made)

. replace int_inputs      = s11  if s11  != -9 & jahr == 2010
(821 real changes made)

. replace investment      = s17  if s17  != -9 & jahr == 2010
(568 real changes made)

. replace investment      = 0    if s17  == .  & jahr == 2010 & _merge == 3
(445 real changes made)

. replace collective_agreement = s52  if s52  != -9 & jahr == 2010
(1,014 real changes made)

. replace ownership_structure  = s84  if s84  != -9 & jahr == 2010
(985 real changes made)

. replace single_establishment = 1    if s84  == 1  & jahr == 2010
(786 real changes made)

. replace single_establishment = 0    if s84  != 1  & s84 != -9 & _merge == 3 & jahr == 2010
(217 real changes made)

. drop s80b s84 s53 s52 s17 s11 s09c s08 s07 s58 _merge

. 
. * 2010 survey → 2009 data
. quietly merge m:1 idnum using "${orig}/iabbp_2010.dta", keepusing(r87 r83 r51 r50 r20 r13 r11c r09 r10 r54)

. drop if _merge == 2
(10,350 observations deleted)

. replace turnover_type   = r09  if jahr == 2009
(1,023 real changes made)

. replace turnover        = r10  if jahr == 2009
(900 real changes made)

. replace grosspay        = r54  if jahr == 2009
(1,023 real changes made)

. replace exports_foreign = r11c if r11c != -9 & jahr == 2009
(985 real changes made)

. replace int_inputs      = r13  if r13  != -9 & jahr == 2009
(841 real changes made)

. replace investment      = r20  if r20  != -9 & jahr == 2009
(561 real changes made)

. replace investment      = 0    if r20  == .  & jahr == 2009 & _merge == 3
(445 real changes made)

. replace collective_agreement = r50  if r50  != -9 & jahr == 2009
(997 real changes made)

. replace ownership_structure  = r83  if r83  != -9 & jahr == 2009
(1,008 real changes made)

. replace single_establishment = 1    if r83  == 1  & jahr == 2009
(817 real changes made)

. replace single_establishment = 0    if r83  != 1  & r83 != -9 & _merge == 3 & jahr == 2009
(199 real changes made)

. drop r87 r83 r51 r50 r20 r13 r11c r09 r10 r54 _merge

. 
. * 2009 survey → 2008 data
. quietly merge m:1 idnum using "${orig}/iabbp_2009.dta", keepusing(q06 q07 q43 q03 q08c q10 q17 q39 q40 q88 q91)

. drop if _merge == 2
(9,858 observations deleted)

. replace turnover_type   = q06  if jahr == 2008
(920 real changes made)

. replace turnover        = q07  if jahr == 2008
(799 real changes made)

. replace grosspay        = q43  if jahr == 2008
(920 real changes made)

. replace exports_foreign = q08c if q08c != -9 & jahr == 2008
(882 real changes made)

. replace int_inputs      = q10  if q10  != -9 & jahr == 2008
(744 real changes made)

. replace investment      = q17  if q17  != -9 & jahr == 2008
(514 real changes made)

. replace investment      = 0    if q17  == .  & jahr == 2008 & _merge == 3
(377 real changes made)

. replace collective_agreement = q39  if q39  != -9 & jahr == 2008
(918 real changes made)

. replace ownership_structure  = q88  if q88  != -9 & jahr == 2008
(916 real changes made)

. replace single_establishment = 1    if q88  == 1  & jahr == 2008
(709 real changes made)

. replace single_establishment = 0    if q88  != 1  & q88 != -9 & _merge == 3 & jahr == 2008
(212 real changes made)

. drop q06 q07 q43 q03 q08c q10 q17 q39 q40 q88 q91 _merge

. 
. * 2008 survey → 2007 data
. quietly merge m:1 idnum using "${orig}/iabbp_2008.dta", keepusing(p09 p10 p63 p03 p11c p13 p19 p59 p60 p91 p94)

. drop if _merge == 2
(9,537 observations deleted)

. replace turnover_type   = p09  if jahr == 2007
(918 real changes made)

. replace turnover        = p10  if jahr == 2007
(778 real changes made)

. replace grosspay        = p63  if jahr == 2007
(918 real changes made)

. replace exports_foreign = p11c if p11c != -9 & jahr == 2007
(897 real changes made)

. replace int_inputs      = p13  if p13  != -9 & jahr == 2007
(765 real changes made)

. replace investment      = p19  if p19  != -9 & jahr == 2007
(529 real changes made)

. replace investment      = 0    if p19  == .  & jahr == 2007 & _merge == 3
(366 real changes made)

. replace collective_agreement = p59  if p59  != -9 & jahr == 2007
(914 real changes made)

. replace ownership_structure  = p91  if p91  != -9 & jahr == 2007
(907 real changes made)

. replace single_establishment = 1    if p91  == 1  & jahr == 2007
(701 real changes made)

. replace single_establishment = 0    if p91  != 1  & p91 != -9 & _merge == 3 & jahr == 2007
(209 real changes made)

. drop p09 p10 p63 p03 p11c p13 p19 p59 p60 p91 p94 _merge

. 
. * 2007 survey → 2006 data
. quietly merge m:1 idnum using "${orig}/iabbp_2007.dta", keepusing(o08 o09 o85 o04 o10c o12 o18 o81 o82 o90 o92)

. drop if _merge == 2
(9,460 observations deleted)

. replace turnover_type   = o08  if jahr == 2006
(890 real changes made)

. replace turnover        = o09  if jahr == 2006
(746 real changes made)

. replace grosspay        = o85  if jahr == 2006
(890 real changes made)

. replace exports_foreign = o10c if o10c != -9 & jahr == 2006
(849 real changes made)

. replace int_inputs      = o12  if o12  != -9 & jahr == 2006
(708 real changes made)

. replace investment      = o18  if o18  != -9 & jahr == 2006
(552 real changes made)

. replace investment      = 0    if o18  == .  & jahr == 2006 & _merge == 3
(314 real changes made)

. replace collective_agreement = o81  if o81  != -9 & jahr == 2006
(886 real changes made)

. replace ownership_structure  = o90  if o90  != -9 & jahr == 2006
(884 real changes made)

. replace single_establishment = 1    if o90  == 1  & jahr == 2006
(651 real changes made)

. replace single_establishment = 0    if o90  != 1  & o90 != -9 & _merge == 3 & jahr == 2006
(237 real changes made)

. drop o08 o09 o85 o04 o10c o12 o18 o81 o82 o90 o92 _merge

. 
. * 2006 survey → 2005 data
. quietly merge m:1 idnum using "${orig}/iabbp_2006.dta", keepusing(n07 n08 n83 n03 n09c n10 n15 n79 n80 n86 n92)

. drop if _merge == 2
(9,976 observations deleted)

. replace turnover_type   = n07  if jahr == 2005
(911 real changes made)

. replace turnover        = n08  if jahr == 2005
(760 real changes made)

. replace grosspay        = n83  if jahr == 2005
(911 real changes made)

. replace exports_foreign = n09c if n09c != -9 & jahr == 2005
(867 real changes made)

. replace int_inputs      = n10  if n10  != -9 & jahr == 2005
(734 real changes made)

. replace investment      = n15  if n15  != -9 & jahr == 2005
(523 real changes made)

. replace investment      = 0    if n15  == .  & jahr == 2005 & _merge == 3
(370 real changes made)

. replace collective_agreement = n79  if n79  != -9 & jahr == 2005
(908 real changes made)

. replace ownership_structure  = n86  if n86  != -9 & jahr == 2005
(905 real changes made)

. replace single_establishment = 1    if n86  == 1  & jahr == 2005
(691 real changes made)

. replace single_establishment = 0    if n86  != 1  & n86 != -9 & _merge == 3 & jahr == 2005
(229 real changes made)

. drop n07 n08 n83 n03 n09c n10 n15 n79 n80 n86 n92 _merge

. 
. * 2005 survey → 2004 data
. quietly merge m:1 idnum using "${orig}/iabbp_2005.dta", keepusing(m02aa m02ab m02ac m03 m12c m13 m19 m52 m53 m91 m88 m07 m08 m59)

. drop if _merge == 2
(10,206 observations deleted)

. replace turnover_type   = m07  if jahr == 2004
(927 real changes made)

. replace turnover        = m08  if jahr == 2004
(927 real changes made)

. replace grosspay        = m59  if jahr == 2004
(927 real changes made)

. replace exports_foreign = m12c if m12c != -9 & jahr == 2004
(901 real changes made)

. replace int_inputs      = m13  if m13  != -9 & jahr == 2004
(798 real changes made)

. replace investment      = m19  if m19  != -9 & jahr == 2004
(538 real changes made)

. replace investment      = 0    if m19  == .  & jahr == 2004 & _merge == 3
(376 real changes made)

. replace collective_agreement = m52  if m52  != -9 & jahr == 2004
(926 real changes made)

. replace ownership_structure  = m88  if m88  != -9 & jahr == 2004
(901 real changes made)

. replace single_establishment = 1    if m88  == 1  & jahr == 2004
(644 real changes made)

. replace single_establishment = 0    if m88  != 1  & m88 != -9 & _merge == 3 & jahr == 2004
(278 real changes made)

. drop m02aa m02ab m02ac m03 m12c m13 m19 m52 m53 m91 m88 m07 m08 m59 _merge

. 
. * 2004 survey → 2003 data
. quietly merge m:1 idnum using "${orig}/iabbp_2004.dta", keepusing(l08 l09 l68 l03 l13c l14 l16 l91 l89 l64 l65)

. drop if _merge == 2
(10,019 observations deleted)

. replace turnover_type   = l08  if jahr == 2003
(969 real changes made)

. replace turnover        = l09  if jahr == 2003
(969 real changes made)

. replace grosspay        = l68  if jahr == 2003
(969 real changes made)

. replace exports_foreign = l13c if l13c != -9 & jahr == 2003
(930 real changes made)

. replace int_inputs      = l14  if l14  != -9 & jahr == 2003
(830 real changes made)

. replace investment      = l16  if l16  != -9 & jahr == 2003
(536 real changes made)

. replace investment      = 0    if l16  == .  & jahr == 2003 & _merge == 3
(417 real changes made)

. replace collective_agreement = l64  if l64  != -9 & jahr == 2003
(968 real changes made)

. replace ownership_structure  = l89  if l89  != -9 & jahr == 2003
(956 real changes made)

. replace single_establishment = 1    if l89  == 1  & jahr == 2003
(682 real changes made)

. replace single_establishment = 0    if l89  != 1  & l89 != -9 & _merge == 3 & jahr == 2003
(289 real changes made)

. drop l08 l09 l68 l03 l13c l14 l16 l91 l89 l64 l65 _merge

. 
. replace turnover = . if turnover == -9 | turnover == -8
(1,548 real changes made, 1,548 to missing)

. replace grosspay = . if grosspay == -9 | grosspay == -8
(1,410 real changes made, 1,410 to missing)

. 
. * Survey weights
. gen weight_survey = .
(11,161 missing values generated)

. foreach x of numlist 2004 2005 2006 2007 2008 2009 2010 2011 2012 {
  2.     quietly merge m:1 idnum using "${orig}/iabbp_`x'.dta", keepusing(hr`x'q)
  3.     drop if _merge == 2
  4.     replace weight_survey = hr`x'q if jahr == `x' - 1
  5.     drop _merge hr`x'q
  6. }
(10,019 observations deleted)
(967 real changes made)
(10,206 observations deleted)
(926 real changes made)
(9,976 observations deleted)
(910 real changes made)
(9,460 observations deleted)
(889 real changes made)
(9,537 observations deleted)
(918 real changes made)
(9,858 observations deleted)
(919 real changes made)
(10,350 observations deleted)
(1,020 real changes made)
(10,323 observations deleted)
(1,014 real changes made)
(10,970 observations deleted)
(1,212 real changes made)

. replace weight_survey = round(weight_survey)
(1,064 real changes made)

. 
. *---------------------------------------
. * Revenue and sample-selection variables
. *---------------------------------------
. gen logrevenues   = log(turnover)
(4,889 missing values generated)

. gen count_missrev = .
(11,161 missing values generated)

. bysort betnr: replace count_missrev = sum(turnover != .)   // approx; use count() if preferred
(11161 real changes made)

. bysort betnr: egen count_missrev2   = count(turnover)

. drop count_missrev

. rename count_missrev2 count_missrev

. 
. bysort betnr: egen min_emp = min(az_ges)

. 
. * External instrument
. merge 1:1 betnr jahr using "${data}/dataset_instrument_validation.dta", ///
>     keepusing(instrument3n_local)

    Result                      Number of obs
    -----------------------------------------
    Not matched                             0
    Matched                            11,161  (_merge==3)
    -----------------------------------------

. drop _merge

. 
. drop if missing(tradeable3) | missing(ind_2dig) | missing(local_labor11)
(0 observations deleted)

. drop if nemp_nat_ft == 0 | wemp_nat_ft == 0
(593 observations deleted)

. 
. *---------------------------------------
. * Revenue regression to define sample
. *---------------------------------------
. gen sample_rev = 0

. 
. ivreghdfe logrevenues ///
>     (share_mig_local2_t interaction = instrument3n_local c.instrument3n_local#c.logemp_tot_firm03) ///
>     logemp_tot_totlag ///
>     if jahr >= 2008 & jahr <= 2011 & min_emp >= 10 & count_missrev >= 2 & turnover_type == 1, ///
>     cl(betnr) absorb(ind_med_time betnr i.local_labor11#c.jahr)
(dropped 75 singleton observations)
(MWFE estimator converged in 782 iterations)

IV (2SLS) estimation
--------------------

Estimates efficient for homoskedasticity only
Statistics robust to heteroskedasticity and clustering on betnr

Number of clusters (betnr) =       147                Number of obs =      410
                                                      F(  3,   146) =     0.15
                                                      Prob > F      =   0.9289
Total (centered) SS     =  452.5680348                Centered R2   =  -6.9322
Total (uncentered) SS   =  452.5680348                Uncentered R2 =  -6.9322
Residual SS             =  3589.865207                Root MSE      =    3.723

------------------------------------------------------------------------------------
                   |               Robust
       logrevenues | Coefficient  std. err.      t    P>|t|     [95% conf. interval]
-------------------+----------------------------------------------------------------
share_mig_local2_t |   501.4312    913.328     0.55   0.584    -1303.621    2306.483
       interaction |  -165.7596   298.8291    -0.55   0.580    -756.3493      424.83
 logemp_tot_totlag |   16.81034   32.04337     0.52   0.601    -46.51843    80.13911
------------------------------------------------------------------------------------
Underidentification test (Kleibergen-Paap rk LM statistic):              0.551
                                                   Chi-sq(1) P-val =    0.4578
------------------------------------------------------------------------------
Weak identification test (Cragg-Donald Wald F statistic):                0.297
                         (Kleibergen-Paap rk Wald F statistic):          0.182
Stock-Yogo weak ID test critical values: 10% maximal IV size              7.03
                                         15% maximal IV size              4.58
                                         20% maximal IV size              3.95
                                         25% maximal IV size              3.63
Source: Stock-Yogo (2005).  Reproduced by permission.
NB: Critical values are for Cragg-Donald F statistic and i.i.d. errors.
------------------------------------------------------------------------------
Hansen J statistic (overidentification test of all instruments):         0.000
                                                 (equation exactly identified)
------------------------------------------------------------------------------
Instrumented:         share_mig_local2_t interaction
Included instruments: logemp_tot_totlag
Excluded instruments: instrument3n_local
                      c.instrument3n_local#c.logemp_tot_firm03
Partialled-out:       _cons
                      nb: total SS, model F and R2s are after partialling-out;
                          any small-sample adjustments include partialled-out
                          variables in regressor count K
------------------------------------------------------------------------------

Absorbed degrees of freedom:
--------------------------------------------------------------+
          Absorbed FE | Categories  - Redundant  = Num. Coefs |
----------------------+---------------------------------------|
         ind_med_time |        95           1          94     |
                betnr |       147         147           0    *|
 local_labor11#c.jahr |        54           0          54    ?|
--------------------------------------------------------------+
? = number of redundant parameters may be higher
* = FE nested within cluster; treated as redundant for DoF computation

. 
. replace sample_rev = 1 if e(sample) == 1
(410 real changes made)

. 
. keep betnr jahr sample_rev

. save "${data}/data_sample_may192026.dta", replace
(file /Users/mac/JPE-replications/JPE-Morales-20211186/replication-package/Brinatti_Morales_Replication_Package/liab_analysis/data/data_sample_may192026.dta not found)
file /Users/mac/JPE-replications/JPE-Morales-20211186/replication-package/Brinatti_Morales_Replication_Package/liab_analysis/data/data_sample_may192026.dta saved

. 
. 
. *===============================================================================
. * PART 2: ESTIMATE NU — SQUARED CV OF EXPONENTIATED WAGE RESIDUALS (TABLE C6)
. *===============================================================================
. 
. use "${data}/dataset_individual_validation.dta", clear

. 
. merge m:1 betnr jahr using "${data}/data_sample_may192026.dta"
(variable betnr was long, now double to accommodate using data's values)
(variable jahr was float, now double to accommodate using data's values)

    Result                      Number of obs
    -----------------------------------------
    Not matched                     1,284,611
        from master                 1,284,611  (_merge==1)
        from using                          0  (_merge==2)

    Matched                           358,931  (_merge==3)
    -----------------------------------------

. drop _merge

. 
. keep if sample_rev == 1
(1,626,444 observations deleted)

. keep if erwstat_gr  == 1
(7,881 observations deleted)

. keep if age >= 25 & age <= 65
(4,523 observations deleted)

. 
. gen log_wage = log(tentgelt_orig)
(90 missing values generated)

. 
. * Industry / location identifiers
. merge m:1 betnr jahr using "${orig}/liab_lm_9314_v1_bhp_basis_v1.dta", ///
>     keepusing(w93_3_gen ao_kreis)

    Result                      Number of obs
    -----------------------------------------
    Not matched                       140,699
        from master                         0  (_merge==1)
        from using                    140,699  (_merge==2)

    Matched                             4,694  (_merge==3)
    -----------------------------------------

. drop if _merge != 3
(140,699 observations deleted)

. drop _merge

. 
. * Fixed-effect groups for the three regressions
. egen nat_d_ind_d     = group(nation_single w93_3_gen jahr)
(19 missing values generated)

. egen nat_d_ind_d_cov = group(nation_single w93_3_gen age frau ao_kreis jahr)
(19 missing values generated)

. 
. *---------------------------------------
. * Three wage residual regressions (natives only)
. *---------------------------------------
. reghdfe log_wage if nation_single == 1, absorb(nat_d_ind_d) resid
(dropped 1 singleton observations)
(MWFE estimator converged in 1 iterations)

HDFE Linear regression                            Number of obs   =      3,840
Absorbing 1 HDFE group                            F(   0,   3648) =          .
                                                  Prob > F        =          .
                                                  R-squared       =     0.3196
                                                  Adj R-squared   =     0.2840
                                                  Within R-sq.    =     0.0000
                                                  Root MSE        =     0.8558

------------------------------------------------------------------------------
    log_wage | Coefficient  Std. err.      t    P>|t|     [95% conf. interval]
-------------+----------------------------------------------------------------
       _cons |   3.533288   .0138108   255.84   0.000      3.50621    3.560366
------------------------------------------------------------------------------

Absorbed degrees of freedom:
-----------------------------------------------------+
 Absorbed FE | Categories  - Redundant  = Num. Coefs |
-------------+---------------------------------------|
 nat_d_ind_d |       192           0         192     |
-----------------------------------------------------+

. predict nwage_resid_d_nc, r
(854 missing values generated)

. 
. reghdfe log_wage age frau if nation_single == 1, absorb(nat_d_ind_d ao_kreis) resid
(dropped 1 singleton observations)
(MWFE estimator converged in 35 iterations)

HDFE Linear regression                            Number of obs   =      3,840
Absorbing 2 HDFE groups                           F(   2,   3586) =      34.54
                                                  Prob > F        =     0.0000
                                                  R-squared       =     0.3556
                                                  Adj R-squared   =     0.3101
                                                  Within R-sq.    =     0.0189
                                                  Root MSE        =     0.8401

------------------------------------------------------------------------------
    log_wage | Coefficient  Std. err.      t    P>|t|     [95% conf. interval]
-------------+----------------------------------------------------------------
         age |   .0098744   .0012351     7.99   0.000     .0074529     .012296
        frau |   .0450886   .0348049     1.30   0.195    -.0231507    .1133279
       _cons |   3.102641   .0535757    57.91   0.000     2.997599    3.207683
------------------------------------------------------------------------------

Absorbed degrees of freedom:
-----------------------------------------------------+
 Absorbed FE | Categories  - Redundant  = Num. Coefs |
-------------+---------------------------------------|
 nat_d_ind_d |       192           0         192     |
    ao_kreis |        87          27          60     |
-----------------------------------------------------+

. predict nwage_resid_d_c, r
(854 missing values generated)

. 
. reghdfe log_wage if nation_single == 1, absorb(nat_d_ind_d_cov) resid
(dropped 575 singleton observations)
(MWFE estimator converged in 1 iterations)

HDFE Linear regression                            Number of obs   =      3,266
Absorbing 1 HDFE group                            F(   0,   2589) =          .
                                                  Prob > F        =          .
                                                  R-squared       =     0.9746
                                                  Adj R-squared   =     0.9679
                                                  Within R-sq.    =     0.0000
                                                  Root MSE        =     0.1787

------------------------------------------------------------------------------
    log_wage | Coefficient  Std. err.      t    P>|t|     [95% conf. interval]
-------------+----------------------------------------------------------------
       _cons |    3.53346   .0031262  1130.26   0.000      3.52733    3.539591
------------------------------------------------------------------------------

Absorbed degrees of freedom:
---------------------------------------------------------+
     Absorbed FE | Categories  - Redundant  = Num. Coefs |
-----------------+---------------------------------------|
 nat_d_ind_d_cov |       677           0         677     |
---------------------------------------------------------+

. predict nwage_resid_d_c_cov, r
(1,428 missing values generated)

. 
. gen nwage_hat_d_nc    = exp(nwage_resid_d_nc)
(854 missing values generated)

. gen nwage_hat_d_c     = exp(nwage_resid_d_c)
(854 missing values generated)

. gen nwage_hat_d_c_cov = exp(nwage_resid_d_c_cov)
(1,428 missing values generated)

. 
. *---------------------------------------
. * Squared coefficient of variation (Table C6)
. * — fed into Matlab code estimate_nu_2j_cont
. *Number of observations for numbers below come from the three regressions above
. *Variables log daily wage
. *---------------------------------------
. foreach x in nwage_hat_d_nc nwage_hat_d_c nwage_hat_d_c_cov {
  2.     quietly sum `x'
  3.     local coeff = (r(sd))^2 / (r(mean))^2
  4.     dis "`x':  CV² = " `coeff'
  5. }
nwage_hat_d_nc:  CV² = .68230295
nwage_hat_d_c:  CV² = .69355968
nwage_hat_d_c_cov:  CV² = .73099352

. 
. *Copy disclosed coefficients by hand in Matlab code estimate_nu_cont.m
. 
. 
. log close
      name:  <unnamed>
       log:  /Users/mac/JPE-replications/JPE-Morales-20211186/replication-package/Brinatti_Morales_Replication_Package/liab_analysis/log/16_estimate_nu.log
  log type:  text
 closed on:   9 Sep 2026, 15:57:47
---------------------------------------------------------------------------------------------------------------------------------------------------------------------------------------------------------------------------------------------------------------
