---------------------------------------------------------------------------------------------------------------------------------------------------------------------------------------------------------------------------------------------------------------
      name:  <unnamed>
       log:  /Users/mac/JPE-replications/JPE-Morales-20211186/replication-package/Brinatti_Morales_Replication_Package/liab_analysis/log/18_immigrant_comparative_advantage.log
  log type:  text
 opened on:   9 Sep 2026, 15:58:22

. 
. * Immigrant comparative advantage: occupational sorting and wage regressions
. * Agostina Brinatti & Nicolas Morales
. * Source data: LIAB Longitudinal Model (version 1993-2014), IAB
. 
. /*      This dofile documents immigrant specialisation in manual-intensive
>         occupations and provides evidence of comparative advantage (Appendix A.6).
> 
>         Output tables in this dofile:
>           Table 1  - Table A6, Panel A: Relative occupational sorting by origin
>           Table 2  - Table A6, Panel B: Relative demographic characteristics
>           Table 3  - Table A7: Manual-to-language sorting and comparative advantage
>           Table 4  - Table A8 (part 1): Task intensity by time in Germany, nat. 1-5
>           Table 5  - Table A8 (part 2): Task intensity by time in Germany, nat. 6-10
>           Table 6  - Figure A9 underlying coefficients: sorting FE and wage beta
> 
>         FDZ note: N (unweighted) reported via di after each regression
>           (stats(N N_clust) in estout calls). Table 1 counts are reported
>           via list so the FDZ can verify all cells have >= 20 observations.
> 
>         nation_single codes:
>           1=Germany, 2=High-income EU, 3=EU middle-income, 4=New EU members,
>           5=Turkey, 6=Former Yugoslavia, 7=Europe non-EU,
>           8=Asia-Pacific, 9=Africa & Middle East, 10=Americas
> */
. 
. /*==============================================================================
>   COMPARATIVE ADVANTAGE OF IMMIGRANTS
>   Brinatti & Morales (2026) - "Firm Heterogeneity and the Impact of Immigration:
>   Evidence from German Establishments"
> 
>   This do-file produces:
>     - Table A6  : Relative occupational sorting and demographics by origin
>                   (Panel A: tabulations
>  Panel B: mean age, share female, share college)
>     - Table A7  : Manual-to-language occupation sorting and comparative advantage
>                   (Equations 22 and 23 in the paper)
>     - Table A8  : Manual-to-language task intensity by time in Germany
>                   (Equation 24 in the paper)
>     - Table A9  : Occupational sorting vs. comparative advantage
>                   (country FEs from eq. 22 vs. beta_o coefficients from eq. 23,
>                    with 95% confidence intervals)
> ==============================================================================*/
. 
. clear

. set more off

. set matsize 10000
set matsize ignored.
    Matrix sizes are no longer limited by c(matsize) in modern Statas.  Matrix sizes are now limited by edition of Stata.  See limits for more details.

. set linesize 255

. set seed 1234

. 
. capture adopath++ ${prog}

. 
. *FDZ: duplicate log removed — log opened at top of file
. *capture log close
. *log using "${log}/4a_immigrant_comparative_advantage.log", replace
. 
. /*------------------------------------------------------------------------------
>   1. LOAD AND PREPARE DATA
> ------------------------------------------------------------------------------*/
. 
. use "${data}/individual_level_liab.dta", clear

. compress
  variable begorig was long now int
  variable endorig was long now int
  variable begepi was long now int
  variable endepi was long now int
  variable quelle was long now byte
  variable spell was long now byte
  variable betr_st was long now byte
  variable frau was long now byte
  variable gebjahr was long now int
  variable nation was long now int
  variable nation_gr was long now byte
  variable ausbildung was long now byte
  variable schule was long now byte
  variable beruf_gr was long now int
  variable teilzeit was long now byte
  variable erwstat was long now int
  variable gleitz was long now byte
  variable grund_orig was long now byte
  variable wo_bula was long now byte
  variable mon_erw was long now int
  variable mon_bet was long now int
  variable mon_job was long now int
  variable mon_lst was long now int
  variable occ was float now int
  variable citizenship was float now byte
  variable tot_days was float now int
  variable rank was float now byte
  variable new_entrant was float now byte
  variable tenure was float now byte
  variable college was float now byte
  variable college1 was float now byte
  variable age was float now byte
  variable citizenship_change was float now byte
  variable always_german was float now byte
  variable imm_count1 was float now byte
  variable total_count1 was float now byte
  variable imm_count was float now byte
  variable total_count was float now byte
  variable nation_single was float now byte
  variable foreign_nation1 was float now byte
  variable foreign_nation was float now byte
  variable year_first was float now int
  variable age_first was float now byte
  variable nation_single_alt was float now byte
  variable immigrant_not_enter was float now byte
  variable german was float now byte
  variable eu_orig1 was float now byte
  variable eu_orig2 was float now byte
  variable eu_2000 was float now byte
  variable turkey was float now byte
  variable yugoslavia was float now byte
  variable europe_other was float now byte
  variable asia was float now byte
  variable africa_me was float now byte
  variable americas was float now byte
  variable main_obs was float now byte
  variable manual was float now byte
  variable service was float now byte
  variable professional was float now byte
  variable occ_broad was float now byte
  variable tot was float now byte
  variable betnr was double now long
  variable tentgelt_gr was double now int
  variable erwstat_gr was double now byte
  variable grund_gr was double now byte
  variable west_wo was double now byte
  variable jahr was double now int
  variable w93_3_gen was double now int
  variable grd_jahr was double now int
  variable lzt_jahr was double now int
  variable az_ges was double now long
  variable ao_kreis was double now int
  (591,573,020 bytes saved)

. 
. * Restrict to working-age population and sample period (2003–2011)
. drop if age > 65
(169,494 observations deleted)

. drop if age < 19
(652,819 observations deleted)

. keep if jahr >= 2003 & jahr <= 2011
(760,734 observations deleted)

. 
. * Drop unused variables
. drop idnum begorig endorig begepi endepi quelle spell wo_bula west_wo ///
>      occ tent_dup rank avg_german w93_3_gen

. 
. * Merge in manual/language task content by occupation (Peri & Sparber crosswalk)
. 
. merge m:1 beruf_gr using "${orig}/Onet_Peri_Sparber_beruf_gr.dta"
(variable beruf_gr was int, now float to accommodate using data's values)
(variable manual was byte, now float to accommodate using data's values)

    Result                      Number of obs
    -----------------------------------------
    Not matched                       934,758
        from master                   934,663  (_merge==1)
        from using                         95  (_merge==2)

    Matched                            21,230  (_merge==3)
    -----------------------------------------

. keep if _merge == 3
(934,758 observations deleted)

. drop _merge

. 
. * Merge in Blossfeld broad occupation classification
. merge m:1 beruf_gr using "${data}/crosswalk_beruf_gr_blossfeld.dta"

    Result                      Number of obs
    -----------------------------------------
    Not matched                            95
        from master                         0  (_merge==1)
        from using                         95  (_merge==2)

    Matched                            21,230  (_merge==3)
    -----------------------------------------

. drop _merge

. 
. * Construct key variables
. gen man_lang      = manual / language        // Ratio of manual to language task content
(95 missing values generated)

. gen daily_wage_l  = log(daily_wage)          // Log daily wage
(185 missing values generated)

. gen years_in_mkt  = age - age_first          // Years in German labor market
(95 missing values generated)

. 
. * Binary: 1 if worker has >= 10 years in the labor market (used in Table A8)
. gen years_in_mkt_cat = (years_in_mkt >= 10)

. 
. /*==============================================================================
>   TABLE A6 — Relative occupational sorting and demographics by origin
>   Brinatti & Morales (2026)
> 
>   Replicates the exact layout of Table A6 in the paper:
> 
>   Panel A: Each cell = share of nationality group n in occupation occ /
>            share of Germans in occupation occ.
>            Rows = 12 Blossfeld occupations (occ_bl 1–12, excluding 0=missing).
>            Columns = All immigrants, + 9 individual origin groups (nation_single 2–10).
> 
>   Panel B: Each cell = mean characteristic of nationality group n /
>            mean characteristic of Germans.
>            Rows = Share college, Share female, Age.
>            Columns = same as Panel A.
> 
>   nation_single codes:
>     1 = Germany
>     2 = High-income Europe (France, UK, Netherlands, Belgium, Austria,
>         Switzerland, Finland, Sweden)
>     3 = EU middle-income (Italy, Spain, Greece, Portugal)
>     4 = New EU member states (joined 2004)
>     5 = Turkey
>     6 = Former Yugoslavia (non-EU)
>     7 = Europe non-EU (incl. Russia)
>     8 = Asia-Pacific
>     9 = Africa & Middle East
>    10 = Americas
> 
>   occ_bl codes (Blossfeld classification):
>     1  = Agriculture
>     2  = Unskilled Manual
>     3  = Skilled Manual
>     4  = Technicians
>     5  = Engineers
>     6  = Unskilled Services
>     7  = Skilled Services
>     8  = Semi-Professions
>     9  = Professions
>    10  = Unskilled Commercial and Admin
>    11  = Skilled Commercial and Admin
>    12  = Managers
> ==============================================================================*/
. 
. /*------------------------------------------------------------------------------
>   PANEL B SCALARS — compute BEFORE any preserve/restore so they survive
>   We need German and all-immigrant means for age, female, college.
>   Do this first on the full individual-level data.
> ------------------------------------------------------------------------------*/
. 
. * German baseline means
. quietly sum age      if nation_single == 1

. scalar ger_age     = r(mean)

. quietly sum frau    if nation_single == 1

. scalar ger_female  = r(mean)

. quietly sum college1 if nation_single == 1

. scalar ger_college = r(mean)

. 
. * All-immigrant means
. quietly sum age      if nation_single != 1

. scalar imm_age     = r(mean)

. quietly sum frau    if nation_single != 1

. scalar imm_female  = r(mean)

. quietly sum college1 if nation_single != 1

. scalar imm_college = r(mean)

. 
. * All-immigrant unweighted N (for Panel B)
. quietly count if nation_single != 1

. scalar imm_n = r(N)

. 
. /*------------------------------------------------------------------------------
>   PANEL A: Relative occupational sorting
>   Single preserve/restore — no nesting.
> ------------------------------------------------------------------------------*/
. 
. preserve

. 
.   drop if occ_bl == 0 | occ_bl == .
(0 observations deleted)

. 
.   * Shares within each nationality × occupation cell
.   bysort nation_single occ_bl: gen n_nation_occ = _N

.   bysort nation_single:        gen n_nation      = _N

.   gen share_nation_occ = n_nation_occ / n_nation

. 
.   * Shares for the pooled all-immigrants group × occupation
.   gen all_imm = (nation_single != 1)

.   bysort all_imm occ_bl: gen n_imm_occ = _N

.   bysort all_imm:        gen n_imm     = _N

.   gen share_imm_occ = n_imm_occ / n_imm

. 
.   * German baseline share per occupation
.   gen share_german_occ = .
(21,325 missing values generated)

.   levelsof occ_bl, local(occs)
1 2 3 4 5 6 7 8 9 10 11 12

.   quietly {

. 
.   * Relative shares
.   gen rel_share_nation = share_nation_occ / share_german_occ
(5 missing values generated)

.   gen rel_share_imm    = share_imm_occ    / share_german_occ
(5 missing values generated)

. 
.   * Broadcast rel_share_imm from the all_imm==1 rows to every row of that occ_bl,
.   * so we carry the all-immigrants column through without a nested preserve.
.   bysort occ_bl: egen rel_all_imm = mean(cond(all_imm == 1, rel_share_imm, .))
(5 missing values generated)

. 
.   * FDZ: broadcast German counts (denominator baseline) to all rows so they
.   * survive the drop of nation_single == 1 (Guidelines §4.5).
.   bysort occ_bl: egen n_german_occ = total(n_nation_occ * (nation_single == 1))

.   quietly sum n_nation if nation_single == 1

.   gen n_german = r(mean)   // same for all rows; total German workers in sample

. 
.   * FDZ: broadcast all-immigrants counts to all rows
.   bysort occ_bl: egen n_imm_occ_all = total(n_imm_occ * (all_imm == 1))

.   quietly sum n_imm if all_imm == 1

.   gen n_imm_all = r(mean)

. 
.   * One row per (nationality, occupation); drop Germans (baseline by construction)
.   duplicates drop nation_single occ_bl, force

Duplicates in terms of nation_single occ_bl

(21,250 observations deleted)

.   drop if nation_single == 1
(10 observations deleted)

. 
.   * FDZ: keep numerator (n_nation_occ) and denominator (n_nation) so that
.   * absolute counts for each share can be verified (Guidelines §4.5).
.   * Also keep German baseline counts and all-immigrants counts.
.   keep occ_bl nation_single rel_share_nation rel_all_imm ///
>        n_nation_occ n_nation n_german_occ n_german n_imm_occ_all n_imm_all

.            
.            
.            
. drop if nation_single==.
(12 observations deleted)

.            
.   reshape wide rel_share_nation n_nation_occ n_nation, i(occ_bl) j(nation_single)
(j = 2 3 4 5 6 7 8 9 10)

Data                               Long   ->   Wide
-----------------------------------------------------------------------------
Number of observations               53   ->   6           
Number of variables                  10   ->   33          
j variable (9 values)     nation_single   ->   (dropped)
xij variables:
                       rel_share_nation   ->   rel_share_nation2 rel_share_nation3 ... rel_share_nation10
                           n_nation_occ   ->   n_nation_occ2 n_nation_occ3 ... n_nation_occ10
                               n_nation   ->   n_nation2 n_nation3 ... n_nation10
-----------------------------------------------------------------------------

. 
.   * Occupation labels
.   label define occ_lbl                  ///
>     1  "Agriculture"                    ///
>     2  "Unskilled Manual"               ///
>     3  "Skilled Manual"                 ///
>     4  "Technicians"                    ///
>     5  "Engineers"                      ///
>     6  "Unskilled Services"             ///
>     7  "Skilled Services"               ///
>     8  "Semi-Professions"               ///
>     9  "Professions"                    ///
>     10 "Unskilled Commercial & Admin"   ///
>     11 "Skilled Commercial & Admin"     ///
>     12 "Managers"

.   label values occ_bl occ_lbl

. 
.   foreach v of varlist rel_all_imm rel_share_nation* {
  2.     replace `v' = round(`v', 0.01)
  3.   }
(6 real changes made)
(6 real changes made)
(6 real changes made)
(6 real changes made)
(6 real changes made)
(5 real changes made)
(6 real changes made)
(6 real changes made)
(6 real changes made)
(6 real changes made)

. 
.   sort occ_bl

. 
. 
. ****************************
. * Table 1
. * Table A6, Panel A: Relative occupational sorting by origin group
. ****************************
. 
. * Variables: rel_share_nation2-10 (share of origin group in occupation /
. *   share of Germans in same occupation); rel_all_imm (pooled immigrants);
. *   N_workers_occ2-10 (unweighted worker count per nationality x occupation cell);
. *   occ_bl (Blossfeld occupation category, 12 groups)
. * Selection: Working-age (19-65), 2003-2011
. * Ratios > 1 indicate over-representation relative to Germans.
. * All cells must have >= 20 observations; N_workers_occ columns verify this.
. 
.   di  " Yugosl(6) | EurNonEU(7) | Asia(8) | Africa(9) | Americas(10)"
 Yugosl(6) | EurNonEU(7) | Asia(8) | Africa(9) | Americas(10)

.   di ""


. 
.   * FDZ: German baseline counts (n_german_occ = workers per occupation;
.   * n_german = total German workers; both are denominators in the norming step).
.   di "--- German baseline and all-immigrants counts by occupation ---"
--- German baseline and all-immigrants counts by occupation ---

.   tabdisp occ_bl, c(n_german_occ) concise

-------------------------------
Blossfeld        |
occupations      | n_german_occ
-----------------+-------------
Unskilled Manual |     3.93e+07
  Skilled Manual |     9.50e+07
     Technicians |        35721
       Engineers |       984064
Skilled Services |       259081
Semi-Professions |       440896
-------------------------------

.   * n_german and n_imm_all are scalar (same across all occ_bl rows)
.   di "n_german (total German workers in sample):  " n_german[1]
n_german (total German workers in sample):  19126

.   di "n_imm_all (total all-immigrant workers):    " n_imm_all[1]
n_imm_all (total all-immigrant workers):    2199

. 
.   di "--- All-immigrants workers per occupation (numerator of rel_all_imm) ---"
--- All-immigrants workers per occupation (numerator of rel_all_imm) ---

.   tabdisp occ_bl, c(n_imm_occ_all) concise

--------------------------------
Blossfeld        |
occupations      | n_imm_occ_all
-----------------+--------------
Unskilled Manual |        462400
  Skilled Manual |       1454436
     Technicians |          7744
       Engineers |          6889
Skilled Services |          2401
Semi-Professions |          4225
--------------------------------

. 
.   * FDZ: Denominator — total workers per nationality group (n_nation).
.   * n_nation is constant within nationality (total workers of that group),
.   * used as the denominator of share_nation_occ before norming by Germans.
.   di "--- Denominator: total workers per nationality group (n_nation) ---"
--- Denominator: total workers per nationality group (n_nation) ---

.   forvalues n = 2/10 {
  2.       di "  nation_single = " `n' ":  n_nation = " n_nation`n'[1]
  3.   }
  nation_single = 2:  n_nation = 193
  nation_single = 3:  n_nation = 212
  nation_single = 4:  n_nation = 264
  nation_single = 5:  n_nation = 227
  nation_single = 6:  n_nation = 196
  nation_single = 7:  n_nation = 328
  nation_single = 8:  n_nation = 280
  nation_single = 9:  n_nation = 233
  nation_single = 10:  n_nation = 171

. 
.   * FDZ: Numerator — workers per nationality x occupation cell (n_nation_occ).
.   di "--- Numerator: workers per nationality x occupation cell (n_nation_occ) ---"
--- Numerator: workers per nationality x occupation cell (n_nation_occ) ---

.   forvalues n = 2/10 {
  2.       tabdisp occ_bl, c(n_nation_occ`n') concise
  3.   }

---------------------------------
Blossfeld        |
occupations      | 2 n_nation_occ
-----------------+---------------
Unskilled Manual |             68
  Skilled Manual |            102
     Technicians |              8
       Engineers |              8
Skilled Services |              3
Semi-Professions |              4
---------------------------------

---------------------------------
Blossfeld        |
occupations      | 3 n_nation_occ
-----------------+---------------
Unskilled Manual |             55
  Skilled Manual |            119
     Technicians |             14
       Engineers |             10
Skilled Services |              4
Semi-Professions |             10
---------------------------------

---------------------------------
Blossfeld        |
occupations      | 4 n_nation_occ
-----------------+---------------
Unskilled Manual |             86
  Skilled Manual |            149
     Technicians |              6
       Engineers |              6
Skilled Services |              7
Semi-Professions |             10
---------------------------------

---------------------------------
Blossfeld        |
occupations      | 5 n_nation_occ
-----------------+---------------
Unskilled Manual |             69
  Skilled Manual |            121
     Technicians |             16
       Engineers |             12
Skilled Services |              4
Semi-Professions |              5
---------------------------------

---------------------------------
Blossfeld        |
occupations      | 6 n_nation_occ
-----------------+---------------
Unskilled Manual |             78
  Skilled Manual |             98
       Engineers |             10
Skilled Services |              4
Semi-Professions |              6
---------------------------------

---------------------------------
Blossfeld        |
occupations      | 7 n_nation_occ
-----------------+---------------
Unskilled Manual |            102
  Skilled Manual |            192
     Technicians |              8
       Engineers |             12
Skilled Services |              6
Semi-Professions |              8
---------------------------------

---------------------------------
Blossfeld        |
occupations      | 8 n_nation_occ
-----------------+---------------
Unskilled Manual |             87
  Skilled Manual |            159
     Technicians |             12
       Engineers |             12
Skilled Services |              5
Semi-Professions |              5
---------------------------------

---------------------------------
Blossfeld        |
occupations      | 9 n_nation_occ
-----------------+---------------
Unskilled Manual |             55
  Skilled Manual |            155
     Technicians |              8
       Engineers |              6
Skilled Services |              3
Semi-Professions |              6
---------------------------------

----------------------------------
Blossfeld        |
occupations      | 10 n_nation_occ
-----------------+----------------
Unskilled Manual |              53
  Skilled Manual |              96
     Technicians |               8
       Engineers |               4
Skilled Services |               4
Semi-Professions |               6
----------------------------------

. 
.   * Relative shares (n_nation_occ/n_nation, normed to German baseline)
.   di "--- Relative occupational shares (rel_share_nation = share_n / share_german) ---"
--- Relative occupational shares (rel_share_nation = share_n / share_german) ---

.   tabdisp occ_bl, c(rel_all_imm) concise

------------------------------
Blossfeld        |
occupations      | rel_all_imm
-----------------+------------
Unskilled Manual |         .94
  Skilled Manual |        1.08
     Technicians |        4.05
       Engineers |         .73
Skilled Services |         .84
Semi-Professions |         .85
------------------------------

.   forvalues n = 2/10 {
  2.       tabdisp occ_bl, c(rel_share_nation`n') concise
  3.   }

-------------------------------------
Blossfeld        |
occupations      | 2 rel_share_nation
-----------------+-------------------
Unskilled Manual |               1.08
  Skilled Manual |               1.04
     Technicians |               4.19
       Engineers |                 .8
Skilled Services |                .58
Semi-Professions |                 .6
-------------------------------------

-------------------------------------
Blossfeld        |
occupations      | 3 rel_share_nation
-----------------+-------------------
Unskilled Manual |                .79
  Skilled Manual |                1.1
     Technicians |               6.68
       Engineers |                .91
Skilled Services |                .71
Semi-Professions |               1.36
-------------------------------------

-------------------------------------
Blossfeld        |
occupations      | 4 rel_share_nation
-----------------+-------------------
Unskilled Manual |                .99
  Skilled Manual |               1.11
     Technicians |                2.3
       Engineers |                .44
Skilled Services |                  1
Semi-Professions |               1.09
-------------------------------------

-------------------------------------
Blossfeld        |
occupations      | 5 rel_share_nation
-----------------+-------------------
Unskilled Manual |                .93
  Skilled Manual |               1.05
     Technicians |               7.13
       Engineers |               1.02
Skilled Services |                .66
Semi-Professions |                .63
-------------------------------------

-------------------------------------
Blossfeld        |
occupations      | 6 rel_share_nation
-----------------+-------------------
Unskilled Manual |               1.21
  Skilled Manual |                .98
       Engineers |                .98
Skilled Services |                .77
Semi-Professions |                .88
-------------------------------------

-------------------------------------
Blossfeld        |
occupations      | 7 rel_share_nation
-----------------+-------------------
Unskilled Manual |                .95
  Skilled Manual |               1.15
     Technicians |               2.47
       Engineers |                .71
Skilled Services |                .69
Semi-Professions |                 .7
-------------------------------------

-------------------------------------
Blossfeld        |
occupations      | 8 rel_share_nation
-----------------+-------------------
Unskilled Manual |                .95
  Skilled Manual |               1.11
     Technicians |               4.34
       Engineers |                .83
Skilled Services |                .67
Semi-Professions |                .51
-------------------------------------

-------------------------------------
Blossfeld        |
occupations      | 9 rel_share_nation
-----------------+-------------------
Unskilled Manual |                .72
  Skilled Manual |               1.31
     Technicians |               3.47
       Engineers |                 .5
Skilled Services |                .48
Semi-Professions |                .74
-------------------------------------

--------------------------------------
Blossfeld        |
occupations      | 10 rel_share_nation
-----------------+--------------------
Unskilled Manual |                 .95
  Skilled Manual |                 1.1
     Technicians |                4.73
       Engineers |                 .45
Skilled Services |                 .88
Semi-Professions |                1.01
--------------------------------------

. 
. restore

. 
. /*------------------------------------------------------------------------------
>   PANEL B: Relative demographic characteristics
>   Single preserve/restore — scalars from above are still in memory.
> ------------------------------------------------------------------------------*/
. 
. preserve

. 
.   collapse (mean) age frau college1 (count) N_workers = age, by(nation_single)

. 
.   * FDZ: compute raw counts — numerators of share_female and share_college
.   gen N_female  = round(frau     * N_workers)   // workers who are female
(1 missing value generated)

.   gen N_college = round(college1 * N_workers)   // workers who are college-educated
(1 missing value generated)

. 
.   gen rel_age     = round(age      / ger_age,     0.01)
(1 missing value generated)

.   gen rel_female  = round(frau     / ger_female,  0.01)
(1 missing value generated)

.   gen rel_college = round(college1 / ger_college, 0.01)
(1 missing value generated)

. 
.   * FDZ: store German baseline counts before dropping (denominators for all relative chars)
.   quietly sum N_workers if nation_single == 1

.   scalar ger_n        = r(mean)

.   quietly sum N_female if nation_single == 1

.   scalar ger_n_female  = r(mean)

.   quietly sum N_college if nation_single == 1

.   scalar ger_n_college = r(mean)

. 
.   * Drop Germans — they are the baseline (all ratios = 1.00 by construction)
.   drop if nation_single == 1
(1 observation deleted)

. 
.   * All-immigrants relative values (from scalars computed before preserve)
.   scalar rel_imm_age     = round(imm_age     / ger_age,     0.01)

.   scalar rel_imm_female  = round(imm_female  / ger_female,  0.01)

.   scalar rel_imm_college = round(imm_college / ger_college, 0.01)

. 
.   * Sort so rows 1–9 correspond to nation_single 2–10
.   sort nation_single

. 
. 
. ****************************
. * Table 2
. * Table A6, Panel B: Relative demographic characteristics by origin group
. ****************************
. 
. * Variables: rel_age (mean age / mean German age), rel_female
. *   (female share / German female share), rel_college (college share /
. *   German college share); N_workers (unweighted worker count per origin group)
. * nation_single: 1=Germany (omitted), 2=High-income EU, 3=EU middle-income,
. *   4=New EU members, 5=Turkey, 6=Former Yugoslavia, 7=Europe non-EU,
. *   8=Asia-Pacific, 9=Africa & Middle East, 10=Americas
. * Selection: Working-age (19-65), 2003-2011
. 
. 
.   di _col(1)  "Share college" ///
>      _col(15) %5.2f scalar(rel_imm_college) ///
>      _col(21) %5.2f rel_college[1] ///
>      _col(27) %5.2f rel_college[2] ///
>      _col(33) %5.2f rel_college[3] ///
>      _col(39) %5.2f rel_college[4] ///
>      _col(46) %5.2f rel_college[5] ///
>      _col(53) %5.2f rel_college[6] ///
>      _col(61) %5.2f rel_college[7] ///
>      _col(67) %5.2f rel_college[8] ///
>      _col(73) %5.2f rel_college[9]
Share college  1.30  1.55  1.73  1.34  0.84   1.53   0.91    1.46  1.34  1.19

. 
.   di _col(1)  "Share female" ///
>      _col(15) %5.2f scalar(rel_imm_female) ///
>      _col(21) %5.2f rel_female[1] ///
>      _col(27) %5.2f rel_female[2] ///
>      _col(33) %5.2f rel_female[3] ///
>      _col(39) %5.2f rel_female[4] ///
>      _col(46) %5.2f rel_female[5] ///
>      _col(53) %5.2f rel_female[6] ///
>      _col(61) %5.2f rel_female[7] ///
>      _col(67) %5.2f rel_female[8] ///
>      _col(73) %5.2f rel_female[9]
Share female   1.05  1.18  1.16  1.07  0.92   0.93   1.11    1.09  0.96  1.00

. 
.   di _col(1)  "Age" ///
>      _col(15) %5.2f scalar(rel_imm_age) ///
>      _col(21) %5.2f rel_age[1] ///
>      _col(27) %5.2f rel_age[2] ///
>      _col(33) %5.2f rel_age[3] ///
>      _col(39) %5.2f rel_age[4] ///
>      _col(46) %5.2f rel_age[5] ///
>      _col(53) %5.2f rel_age[6] ///
>      _col(61) %5.2f rel_age[7] ///
>      _col(67) %5.2f rel_age[8] ///
>      _col(73) %5.2f rel_age[9]
Age            1.07  1.06  1.05  1.08  1.11   1.04   1.03    1.06  1.08  1.13

. 
.   * FDZ: German baseline raw counts (denominator for all relative characteristics)
.   di "German baseline counts (nation_single = 1):"
German baseline counts (nation_single = 1):

.   di _col(1)  "N workers (Germany)"  _col(15) %9.0f scalar(ger_n)
N workers (Germany)    19126

.   di _col(1)  "N female  (Germany)"  _col(15) %9.0f scalar(ger_n_female)
N female  (Germany)     8717

.   di _col(1)  "N college (Germany)"  _col(15) %9.0f scalar(ger_n_college)
N college (Germany)     1406

.   di ""


. 
.   * FDZ: immigrant group raw counts (numerator/denominator of each relative share)
.   di "Immigrant group counts (N_workers = denominator; N_female/N_college = numerators):"
Immigrant group counts (N_workers = denominator; N_female/N_college = numerators):

.   di _col(1)  "N female" ///
>      _col(15) %9.0f scalar(imm_n) * scalar(imm_female) ///
>      _col(21) %9.0f N_female[1] _col(27) %9.0f N_female[2] ///
>      _col(33) %9.0f N_female[3] _col(39) %9.0f N_female[4] ///
>      _col(46) %9.0f N_female[5] _col(53) %9.0f N_female[6] ///
>      _col(61) %9.0f N_female[7] _col(67) %9.0f N_female[8] ///
>      _col(73) %9.0f N_female[9]
N female           1054      104      112      129       95       83      166      139      102       78

. 
.   di _col(1)  "N college" ///
>      _col(15) %9.0f scalar(imm_n) * scalar(imm_college) ///
>      _col(21) %9.0f N_college[1] _col(27) %9.0f N_college[2] ///
>      _col(33) %9.0f N_college[3] _col(39) %9.0f N_college[4] ///
>      _col(46) %9.0f N_college[5] _col(53) %9.0f N_college[6] ///
>      _col(61) %9.0f N_college[7] _col(67) %9.0f N_college[8] ///
>      _col(73) %9.0f N_college[9]
N college           210       22       27       26       14       22       22       30       23       15

.   di ""


. 
.   di _col(1)  "N workers" ///
>      _col(15) %9.0f scalar(imm_n) ///
>      _col(21) %9.0f N_workers[1] ///
>      _col(27) %9.0f N_workers[2] ///
>      _col(33) %9.0f N_workers[3] ///
>      _col(39) %9.0f N_workers[4] ///
>      _col(46) %9.0f N_workers[5] ///
>      _col(53) %9.0f N_workers[6] ///
>      _col(61) %9.0f N_workers[7] ///
>      _col(67) %9.0f N_workers[8] ///
>      _col(73) %9.0f N_workers[9]
N workers          2199      193      212      264      227      196      328      280      233      171

. 
.   di "======================================================================"
======================================================================

.   di "nation_single: 2=High-income EU, 3=Mid-income EU, 4=New EU,"
nation_single: 2=High-income EU, 3=Mid-income EU, 4=New EU,

.   di "               5=Turkey, 6=Former Yugoslavia, 7=Europe non-EU,"
               5=Turkey, 6=Former Yugoslavia, 7=Europe non-EU,

.   di "               8=Asia-Pacific, 9=Africa & Middle East, 10=Americas"
               8=Asia-Pacific, 9=Africa & Middle East, 10=Americas

. 
. restore

. 
. /*------------------------------------------------------------------------------
>   3. TABLE A7 — Manual-to-language occupation sorting and comparative advantage
>                 Columns 1–3: Equation (22) — sorting regressions
>                 Columns 4–5: Equation (23) — wage-differential regressions
> ------------------------------------------------------------------------------*/
. 
. * ---- Columns 1–2: Baseline sorting regressions (Equation 22) ----------------
. * Dependent variable: manual/language task ratio of worker's occupation
. * FE: establishment × year (compares workers within the same workplace)
. * Col 1: immigrant dummy only
. 
. ****************************
. * Table 3
. * Table A7: Occupational sorting and comparative advantage (equations 22-23)
. ****************************
. 
. * Variables: man_lang (manual/language task ratio of worker's occupation,
. *   Peri & Sparber 2009); daily_wage_l (log daily wage)
. * Cols 1-3 (eq. 22 — sorting): dep var = man_lang;
. *   regressors: immigrant dummy / nationality dummies, optional demographics
. * Cols 4-5 (eq. 23 — comparative advantage): dep var = daily_wage_l;
. *   regressors: nationality x man_lang interaction
. * FE: establishment x year (i.betnr#i.jahr) in all columns
. * SE clustered at nationality group (nation_single, 10 groups)
. * Selection: Working-age (19-65), 2003-2011
. * N (unweighted) reported via di after each regression.
. 
. eststo man_lang_ger: ///
>     quietly reghdfe man_lang ib1.german, ///
>     absorb(i.betnr#i.jahr) cluster(nation_single)

. 
. * Col 2: nationality dummies (disaggregated by origin group)
. * Country FEs from this regression are plotted on the x-axis of Figure A9
. eststo man_lang_cty: ///
>     quietly reghdfe man_lang i.nation_single, ///
>     absorb(i.betnr#i.jahr) cluster(nation_single)

. 
. * ---- Column 3: Sorting controlling for worker demographics ------------------
. * Controls: age, gender (frau), college education
. eststo man_lang_dem_cty: ///
>     quietly reghdfe man_lang age frau college1 i.nation_single, ///
>     absorb(i.betnr#i.jahr) cluster(nation_single)

. 
. * ---- Columns 4–5: Comparative advantage — wage regressions (Equation 23) ---
. * Dependent variable: log daily wage
. * Key regressors: nationality × manual/language interaction (beta_o in the paper)
. * A positive beta_o means the group earns a premium in manual-intensive occupations
. * The beta_o coefficients are plotted on the y-axis of Figure A9
. 
. * Col 4: immigrant dummy interacted with man_lang (pooled)
. eststo wage_ger: ///
>     quietly reghdfe daily_wage_l ib1.german#c.man_lang man_lang ib1.german ///
>     if daily_wage_l > 0, ///
>     absorb(i.betnr#i.jahr) cluster(nation_single)

. 
. * Col 5: nationality dummies interacted with man_lang (disaggregated)
. eststo wage_cty: ///
>     quietly reghdfe daily_wage_l i.nation_single#c.man_lang man_lang i.nation_single ///
>     if daily_wage_l > 0, ///
>     absorb(i.betnr#i.jahr) cluster(nation_single)

. 
. * ---- Print Table A7 ----------------------------------------------------------
. * Columns 1–2 (sorting), Column 3 (sorting with demographics) and 4–5 (comparative advantage)
. esttab man_lang_ger man_lang_cty man_lang_dem_cty wage_ger wage_cty, ///
>     se stats(N N_clust r2, fmt(%9.0g %9.0g %9.2f)) ///
>     title("Table A7: Sorting and comparative advantage")

Table A7: Sorting and comparative advantage
--------------------------------------------------------------------------------------------
                      (1)             (2)             (3)             (4)             (5)   
                 man_lang        man_lang        man_lang    daily_wage_l    daily_wage_l   
--------------------------------------------------------------------------------------------
0.german            0.939***                                        0.516*                  
                  (0.146)                                         (0.201)                   

1.german                0                                               0                   
                      (.)                                             (.)                   

1.nation_s~e                            0               0                               0   
                                      (.)             (.)                             (.)   

2.nation_s~e                        0.930***        0.625***                        0.514*  
                                  (0.129)        (0.0854)                         (0.198)   

3.nation_s~e                        0.943***        0.636***                        0.543*  
                                  (0.125)        (0.0844)                         (0.204)   

4.nation_s~e                        0.910***        0.614***                        0.514*  
                                  (0.145)        (0.0912)                         (0.198)   

5.nation_s~e                        0.891***        0.603***                        0.530*  
                                  (0.142)        (0.0913)                         (0.197)   

6.nation_s~e                        1.030***        0.692***                        0.538*  
                                  (0.121)        (0.0851)                         (0.203)   

7.nation_s~e                        0.907***        0.617***                        0.506*  
                                  (0.131)        (0.0870)                         (0.199)   

8.nation_s~e                        0.874***        0.596***                        0.507*  
                                  (0.139)        (0.0899)                         (0.201)   

9.nation_s~e                        0.996***        0.698***                        0.509*  
                                  (0.123)        (0.0788)                         (0.198)   

10.nation_~e                        0.985***        0.687***                        0.513*  
                                  (0.136)        (0.0878)                         (0.210)   

age                                               -0.0288***                                
                                                (0.00140)                                   

frau                                               -1.492***                                
                                                 (0.0297)                                   

college1                                            0.534**                                 
                                                  (0.125)                                   

0.german#c~g                                                      -0.0478                   
                                                                 (0.0420)                   

1.german#c~g                                                            0                   
                                                                      (.)                   

man_lang                                                          -0.0173***      -0.0173***
                                                                (0.00108)       (0.00108)   

1.nation_s~g                                                                            0   
                                                                                      (.)   

2.nation_s~g                                                                      -0.0438   
                                                                                 (0.0426)   

3.nation_s~g                                                                      -0.0515   
                                                                                 (0.0420)   

4.nation_s~g                                                                      -0.0452   
                                                                                 (0.0413)   

5.nation_s~g                                                                      -0.0501   
                                                                                 (0.0424)   

6.nation_s~g                                                                      -0.0515   
                                                                                 (0.0416)   

7.nation_s~g                                                                      -0.0480   
                                                                                 (0.0412)   

8.nation_s~g                                                                      -0.0488   
                                                                                 (0.0421)   

9.nation_s~g                                                                      -0.0466   
                                                                                 (0.0409)   

10.nation_~g                                                                      -0.0509   
                                                                                 (0.0426)   

_cons               4.269***        4.270***        5.984***        3.532***        3.532***
                 (0.0132)        (0.0131)        (0.0509)       (0.00456)       (0.00461)   
--------------------------------------------------------------------------------------------
N                   21060           21060           21060           20851           20851   
N_clust                10              10              10              10              10   
r2                   0.93            0.93            0.94            0.94            0.94   
--------------------------------------------------------------------------------------------
Standard errors in parentheses
* p<0.05, ** p<0.01, *** p<0.001

. 
. /*------------------------------------------------------------------------------
>   4. TABLE A8 — Manual-to-language task intensity by time in Germany
>                 Equation (24): run separately for each nationality group
>                 Coefficient of interest: 1(years_in_mkt >= 10)
>                 nation_single values: 1=Germany, 2=High-income EU, 3=Mid-income EU,
>                 4=New EU members, 5=Turkey, 6=Former Yugoslavia,
>                 7=Europe non-EU, 8=Asia-Pacific, 9=Africa & Middle East, 10=Americas
> ------------------------------------------------------------------------------*/
. 
. 
. ****************************
. * Tables 4-5
. * Table A8: Task intensity by time in Germany (equation 24)
. ****************************
. 
. * Variables: man_lang (manual/language task ratio); years_in_mkt_cat
. *   (=1 if >= 10 years in German labour market); age
. * FE: establishment x year, gender x year, college x year
. * SE clustered at worker level (persnr)
. * Selection: Working-age (19-65), 2003-2011; one regression per nationality
. * Coefficient of interest: 1(years_in_mkt >= 10) — tests skill upgrading
. * N (unweighted) reported via di after each regression.
. * Table 4 = nationalities 1-5; Table 5 = nationalities 6-10.
. 
. forvalues n = 1/10 {
  2.     eststo man_lang`n': ///
>         quietly reghdfe man_lang i.years_in_mkt_cat age if nation_single == `n', ///
>         absorb(i.betnr#i.jahr i.frau#i.jahr i.college1#i.jahr) cluster(persnr)
  3. }

. 
. * Print Table A8
. esttab man_lang1 man_lang2 man_lang3 man_lang4 man_lang5, ///
>     se stats(N N_clust r2, fmt(%9.0g %9.0g %9.2f)) ///
>     title("Table A8 (part 1): Task intensity by time in Germany — nationalities 1–5")

Table A8 (part 1): Task intensity by time in Germany — nationalities 1–5
--------------------------------------------------------------------------------------------
                      (1)             (2)             (3)             (4)             (5)   
                 man_lang        man_lang        man_lang        man_lang        man_lang   
--------------------------------------------------------------------------------------------
0.years_i~at            0               0               0               0               0   
                      (.)             (.)             (.)             (.)             (.)   

1.years_i~at        1.271***            0               0               0               0   
                  (0.162)             (.)             (.)             (.)             (.)   

age               -0.0213***       0.0884***       0.0884***       0.0884***       0.0884***
                (0.00513)      (1.48e-17)      (3.31e-17)      (4.09e-17)      (1.25e-16)   

_cons               4.774***        2.210***       -0.116***        1.305***      -0.0708***
                  (0.189)      (5.21e-16)      (1.31e-15)      (1.57e-15)      (6.95e-15)   
--------------------------------------------------------------------------------------------
N                   18961              56              58             145             105   
N_clust              9012              30              31              73              49   
r2                   0.95            1.00            1.00            1.00            1.00   
--------------------------------------------------------------------------------------------
Standard errors in parentheses
* p<0.05, ** p<0.01, *** p<0.001

. 
. esttab man_lang6 man_lang7 man_lang8 man_lang9 man_lang10, ///
>     se stats(N N_clust r2, fmt(%9.0g %9.0g %9.2f)) ///
>     title("Table A8 (part 2): Task intensity by time in Germany — nationalities 6–10")

Table A8 (part 2): Task intensity by time in Germany — nationalities 6–10
--------------------------------------------------------------------------------------------
                      (1)             (2)             (3)             (4)             (5)   
                 man_lang        man_lang        man_lang        man_lang        man_lang   
--------------------------------------------------------------------------------------------
0.years_i~at            0               0               0               0               0   
                      (.)             (.)             (.)             (.)             (.)   

1.years_i~at            0               0               0               0               0   
                      (.)             (.)             (.)             (.)             (.)   

age                0.0884          0.0884***            0          0.0884***            0   
                      (.)      (4.04e-15)             (.)      (4.33e-16)             (.)   

_cons               1.748           1.681***        4.853           2.044***        4.735   
                      (.)      (1.39e-13)             (.)      (1.50e-14)             (.)   
--------------------------------------------------------------------------------------------
N                      52             205             155              89              42   
N_clust                30             107              58              49              16   
r2                   1.00            1.00            1.00            1.00            1.00   
--------------------------------------------------------------------------------------------
Standard errors in parentheses
* p<0.05, ** p<0.01, *** p<0.001

. 
. /*------------------------------------------------------------------------------
>   5. FIGURE A9 — Occupational sorting vs. comparative advantage
>                  X-axis: country FEs from man_lang_cty  (Equation 22, col 2)
>                  Y-axis: beta_o coefficients from wage_cty (Equation 23, col 5)
>                  One dot per origin-country group (nations 2–10, i.e. non-Germans)
>                  The positive slope shows that groups specialising in manual-
>                  intensive tasks also earn a wage premium in those tasks.
> ------------------------------------------------------------------------------*/
. 
. * Extract country FEs from the sorting regression (Equation 22)
. preserve

.     reghdfe man_lang i.nation_single, ///
>         absorb(i.betnr#i.jahr) cluster(nation_single)
(dropped 170 singleton observations)
(MWFE estimator converged in 1 iterations)

HDFE Linear regression                            Number of obs   =     21,060
Absorbing 1 HDFE group                            F(   9,      9) =    7832.51
Statistics robust to heteroskedasticity           Prob > F        =     0.0000
                                                  R-squared       =     0.9306
                                                  Adj R-squared   =     0.9218
                                                  Within R-sq.    =     0.0209
Number of clusters (nation_single) =         10   Root MSE        =     0.5926

                           (Std. err. adjusted for 10 clusters in nation_single)
--------------------------------------------------------------------------------
               |               Robust
      man_lang | Coefficient  std. err.      t    P>|t|     [95% conf. interval]
---------------+----------------------------------------------------------------
 nation_single |
EU Original 1  |   .9301414   .1291127     7.20   0.000     .6380682    1.222215
EU Original 1  |   .9430635   .1247919     7.56   0.000     .6607647    1.225362
      EU 2000  |   .9103664    .144546     6.30   0.000     .5833807    1.237352
       Turkey  |   .8911076   .1419193     6.28   0.000     .5700637    1.212151
   Yugoslavia  |   1.030184   .1211222     8.51   0.000     .7561865    1.304181
Europe non EU  |    .907109   .1308673     6.93   0.000     .6110667    1.203151
         Asia  |   .8736514   .1393586     6.27   0.000     .5584003    1.188902
  Africa & ME  |   .9964687   .1228953     8.11   0.000     .7184602    1.274477
     Americas  |   .9852082   .1363916     7.22   0.000     .6766689    1.293748
               |
         _cons |   4.269651    .013118   325.48   0.000     4.239976    4.299326
--------------------------------------------------------------------------------

Absorbed degrees of freedom:
------------------------------------------------------+
  Absorbed FE | Categories  - Redundant  = Num. Coefs |
--------------+---------------------------------------|
   betnr#jahr |      2366           0        2366     |
------------------------------------------------------+

.     * Store nation FE coefficients
.     matrix sorting_fe = r(table)

.     * (In practice these are the i.nation_single coefficients from man_lang_cty above)
. restore

. 
. /*------------------------------------------------------------------------------
>   1. Extract sorting FEs from equation (22): man_lang_cty
>      Parameters of interest: 2.nation_single ... 10.nation_single
> ------------------------------------------------------------------------------*/
. 
. estimates restore man_lang_cty
(results man_lang_cty are active now)

. 
. matrix b_sort = e(b)

. matrix V_sort = e(V)

. 
. * nation_single runs 2–10; Germans (1) are the omitted base (ib1.nation_single)
. * In the coefficient vector the names are "2.nation_single" ... "10.nation_single"
. 
. tempfile sorting

. quietly {

. 
. /*------------------------------------------------------------------------------
>   2. Extract wage betas from equation (23): wage_cty
>      Parameters of interest: 2.nation_single#c.man_lang ... 10.nation_single#c.man_lang
> ------------------------------------------------------------------------------*/
. 
. estimates restore wage_cty
(results wage_cty are active now)

. 
. matrix b_wage = e(b)

. matrix V_wage = e(V)

. 
. tempfile wagebeta

. quietly {

. 
. /*------------------------------------------------------------------------------
>   3. Merge and label
> ------------------------------------------------------------------------------*/
. 
. use `sorting', clear

. merge 1:1 nation_single using `wagebeta', nogenerate

    Result                      Number of obs
    -----------------------------------------
    Not matched                             0
    Matched                                 9  
    -----------------------------------------

. 
. label define nat_lbl          ///
>     2  "High-income EU"        ///
>     3  "EU middle-income"      ///
>     4  "New EU members"        ///
>     5  "Turkey"                ///
>     6  "Former Yugoslavia"     ///
>     7  "Europe non-EU"         ///
>     8  "Asia-Pacific"          ///
>     9  "Africa & Middle East"  ///
>     10 "Americas"

. label values nation_single nat_lbl

. 
. /*------------------------------------------------------------------------------
>   4. Table: sorting FE and wage beta side by side
> ------------------------------------------------------------------------------*/
. 
. format sorting_fe sorting_lo sorting_hi wage_beta wage_lo wage_hi %6.3f

. 
. 
. ****************************
. * Table 6
. * Figure A9: Sorting FE vs. wage beta by origin group
. ****************************
. 
. * Variables: sorting_fe (nationality FE from equation 22: relative
. *   manual/language ratio within establishment-year, relative to Germans);
. *   wage_beta (beta_o from equation 23: wage premium in manual-intensive
. *   occupations relative to Germans); sorting_lo/hi and wage_lo/hi
. *   (95% CIs computed as estimate +/- 1.96*SE)
. * Selection: 9 non-German origin groups (nation_single 2-10)
. * A positive correlation between sorting_fe and wage_beta is consistent
. *   with comparative advantage in manual tasks.
. * SE from nationality-clustered regressions (10 clusters — interpret with care).
. 
. list nation_single sorting_fe sorting_lo sorting_hi ///
>                    wage_beta  wage_lo    wage_hi,    ///
>      noobs sep(0) abbrev(20) subvarname divider

  +---------------------------------------------------------------------------------------------+
  |        nation_single | sorting_fe | sorting_lo | sorting_hi | wage_beta | wage_lo | wage_hi |
  |----------------------+------------+------------+------------+-----------+---------+---------|
  |       High-income EU |      0.930 |      0.677 |      1.183 |    -0.044 |  -0.127 |   0.040 |
  |     EU middle-income |      0.943 |      0.698 |      1.188 |    -0.051 |  -0.134 |   0.031 |
  |       New EU members |      0.910 |      0.627 |      1.194 |    -0.045 |  -0.126 |   0.036 |
  |               Turkey |      0.891 |      0.613 |      1.169 |    -0.050 |  -0.133 |   0.033 |
  |    Former Yugoslavia |      1.030 |      0.793 |      1.268 |    -0.052 |  -0.133 |   0.030 |
  |        Europe non-EU |      0.907 |      0.651 |      1.164 |    -0.048 |  -0.129 |   0.033 |
  |         Asia-Pacific |      0.874 |      0.601 |      1.147 |    -0.049 |  -0.131 |   0.034 |
  | Africa & Middle East |      0.996 |      0.756 |      1.237 |    -0.047 |  -0.127 |   0.034 |
  |             Americas |      0.985 |      0.718 |      1.253 |    -0.051 |  -0.134 |   0.033 |
  +---------------------------------------------------------------------------------------------+

. 
. di ""


. di "Notes: 95% CIs computed as estimate +/- 1.96*SE."
Notes: 95% CIs computed as estimate +/- 1.96*SE.

. di "       Omitted group = Germans (nation_single = 1)."
       Omitted group = Germans (nation_single = 1).

. 
. 
. /*==============================================================================
>   FIGURE (added for JPE reproducibility deposit — not part of the original
>   submission). This section does not modify any of the analysis above; it only
>   plots the Figure A9 dataset already built and listed above, since Figure A9
>   in the original submission was turned into a figure in Excel from this
>   underlying table.
> 
>   NOTE ON EXACT APPEARANCE: the published Figure A9 was built by hand in
>   Excel from this table (styling, colors, markers chosen by the authors).
>   The Stata graph below plots the same underlying numbers but will not look
>   pixel-identical to the paper's version (font, colors, marker style, axis
>   formatting, etc. all differ) -- only the data displayed is the same.
> 
>   Output: liab_analysis/output/figure_A9.jpg
> ==============================================================================*/
. 
. set scheme s1color

. global figout = subinstr("${prog}", "/prog", "/output", 1)

. cap mkdir "${figout}"

. 
. twoway (scatter wage_beta sorting_fe, mcolor(navy) msymbol(O)), ///
>        xline(0, lpattern(dot) lcolor(gs8)) yline(0, lpattern(dot) lcolor(gs8)) ///
>        xtitle("Sorting FE (manual/language ratio, relative to Germans)", size(small)) ///
>        ytitle("Wage beta (manual-task wage premium, relative to Germans)", size(small)) ///
>        legend(off) graphregion(color(white)) plotregion(color(white)) ///
>        ysize(4.5) xsize(6.5) ylabel(, format(%5.2f)) ///
>        title("Figure A9: Occupational sorting vs. comparative advantage", size(medium)) ///
>        name(figA9, replace)

. graph export "${figout}/figure_A9.jpg", replace width(2000) height(1500)
file /Users/mac/JPE-replications/JPE-Morales-20211186/replication-package/Brinatti_Morales_Replication_Package/liab_analysis/output/figure_A9.jpg saved as JPG format

. 
. 
. log close
      name:  <unnamed>
       log:  /Users/mac/JPE-replications/JPE-Morales-20211186/replication-package/Brinatti_Morales_Replication_Package/liab_analysis/log/18_immigrant_comparative_advantage.log
  log type:  text
 closed on:   9 Sep 2026, 16:00:23
---------------------------------------------------------------------------------------------------------------------------------------------------------------------------------------------------------------------------------------------------------------
